../Drivers/BSP/Components/lis2mdl/lis2mdl_reg.c:49:9:lis2mdl_read_reg	48	static
../Drivers/BSP/Components/lis2mdl/lis2mdl_reg.c:67:9:lis2mdl_write_reg	48	static
../Drivers/BSP/Components/lis2mdl/lis2mdl_reg.c:86:9:lis2mdl_from_lsb_to_mgauss	16	static
../Drivers/BSP/Components/lis2mdl/lis2mdl_reg.c:91:9:lis2mdl_from_lsb_to_celsius	16	static
../Drivers/BSP/Components/lis2mdl/lis2mdl_reg.c:121:9:lis2mdl_mag_user_offset_set	24	static
../Drivers/BSP/Components/lis2mdl/lis2mdl_reg.c:140:9:lis2mdl_mag_user_offset_get	24	static
../Drivers/BSP/Components/lis2mdl/lis2mdl_reg.c:155:9:lis2mdl_operating_mode_set	32	static
../Drivers/BSP/Components/lis2mdl/lis2mdl_reg.c:178:9:lis2mdl_operating_mode_get	32	static
../Drivers/BSP/Components/lis2mdl/lis2mdl_reg.c:210:9:lis2mdl_data_rate_set	32	static
../Drivers/BSP/Components/lis2mdl/lis2mdl_reg.c:233:9:lis2mdl_data_rate_get	32	static
../Drivers/BSP/Components/lis2mdl/lis2mdl_reg.c:267:9:lis2mdl_power_mode_set	32	static
../Drivers/BSP/Components/lis2mdl/lis2mdl_reg.c:290:9:lis2mdl_power_mode_get	32	static
../Drivers/BSP/Components/lis2mdl/lis2mdl_reg.c:318:9:lis2mdl_offset_temp_comp_set	32	static
../Drivers/BSP/Components/lis2mdl/lis2mdl_reg.c:341:9:lis2mdl_offset_temp_comp_get	32	static
../Drivers/BSP/Components/lis2mdl/lis2mdl_reg.c:360:9:lis2mdl_low_pass_bandwidth_set	32	static
../Drivers/BSP/Components/lis2mdl/lis2mdl_reg.c:384:9:lis2mdl_low_pass_bandwidth_get	32	static
../Drivers/BSP/Components/lis2mdl/lis2mdl_reg.c:413:9:lis2mdl_set_rst_mode_set	32	static
../Drivers/BSP/Components/lis2mdl/lis2mdl_reg.c:436:9:lis2mdl_set_rst_mode_get	32	static
../Drivers/BSP/Components/lis2mdl/lis2mdl_reg.c:471:9:lis2mdl_set_rst_sensor_single_set	32	static
../Drivers/BSP/Components/lis2mdl/lis2mdl_reg.c:498:9:lis2mdl_set_rst_sensor_single_get	32	static
../Drivers/BSP/Components/lis2mdl/lis2mdl_reg.c:517:9:lis2mdl_block_data_update_set	32	static
../Drivers/BSP/Components/lis2mdl/lis2mdl_reg.c:540:9:lis2mdl_block_data_update_get	32	static
../Drivers/BSP/Components/lis2mdl/lis2mdl_reg.c:559:9:lis2mdl_mag_data_ready_get	32	static
../Drivers/BSP/Components/lis2mdl/lis2mdl_reg.c:578:9:lis2mdl_mag_data_ovr_get	32	static
../Drivers/BSP/Components/lis2mdl/lis2mdl_reg.c:597:9:lis2mdl_magnetic_raw_get	24	static
../Drivers/BSP/Components/lis2mdl/lis2mdl_reg.c:612:9:lis2mdl_temperature_raw_get	24	static
../Drivers/BSP/Components/lis2mdl/lis2mdl_reg.c:639:9:lis2mdl_device_id_get	24	static
../Drivers/BSP/Components/lis2mdl/lis2mdl_reg.c:654:9:lis2mdl_reset_set	32	static
../Drivers/BSP/Components/lis2mdl/lis2mdl_reg.c:677:9:lis2mdl_reset_get	32	static
../Drivers/BSP/Components/lis2mdl/lis2mdl_reg.c:696:9:lis2mdl_boot_set	32	static
../Drivers/BSP/Components/lis2mdl/lis2mdl_reg.c:719:9:lis2mdl_boot_get	32	static
../Drivers/BSP/Components/lis2mdl/lis2mdl_reg.c:738:9:lis2mdl_self_test_set	32	static
../Drivers/BSP/Components/lis2mdl/lis2mdl_reg.c:761:9:lis2mdl_self_test_get	32	static
../Drivers/BSP/Components/lis2mdl/lis2mdl_reg.c:780:9:lis2mdl_data_format_set	32	static
../Drivers/BSP/Components/lis2mdl/lis2mdl_reg.c:803:9:lis2mdl_data_format_get	32	static
../Drivers/BSP/Components/lis2mdl/lis2mdl_reg.c:831:9:lis2mdl_status_get	24	static
../Drivers/BSP/Components/lis2mdl/lis2mdl_reg.c:859:9:lis2mdl_offset_int_conf_set	32	static
../Drivers/BSP/Components/lis2mdl/lis2mdl_reg.c:884:9:lis2mdl_offset_int_conf_get	32	static
../Drivers/BSP/Components/lis2mdl/lis2mdl_reg.c:913:9:lis2mdl_drdy_on_pin_set	32	static
../Drivers/BSP/Components/lis2mdl/lis2mdl_reg.c:936:9:lis2mdl_drdy_on_pin_get	32	static
../Drivers/BSP/Components/lis2mdl/lis2mdl_reg.c:955:9:lis2mdl_int_on_pin_set	32	static
../Drivers/BSP/Components/lis2mdl/lis2mdl_reg.c:978:9:lis2mdl_int_on_pin_get	32	static
../Drivers/BSP/Components/lis2mdl/lis2mdl_reg.c:997:9:lis2mdl_int_gen_conf_set	24	static
../Drivers/BSP/Components/lis2mdl/lis2mdl_reg.c:1013:9:lis2mdl_int_gen_conf_get	24	static
../Drivers/BSP/Components/lis2mdl/lis2mdl_reg.c:1029:9:lis2mdl_int_gen_source_get	24	static
../Drivers/BSP/Components/lis2mdl/lis2mdl_reg.c:1047:9:lis2mdl_int_gen_treshold_set	24	static
../Drivers/BSP/Components/lis2mdl/lis2mdl_reg.c:1064:9:lis2mdl_int_gen_treshold_get	24	static
../Drivers/BSP/Components/lis2mdl/lis2mdl_reg.c:1092:9:lis2mdl_spi_mode_set	32	static
../Drivers/BSP/Components/lis2mdl/lis2mdl_reg.c:1115:9:lis2mdl_spi_mode_get	32	static
../Drivers/BSP/Components/lis2mdl/lis2mdl_reg.c:1143:9:lis2mdl_i2c_interface_set	32	static
../Drivers/BSP/Components/lis2mdl/lis2mdl_reg.c:1166:9:lis2mdl_i2c_interface_get	32	static
