../Drivers/BSP/Components/lis2mdl/lis2mdl.c:83:9:LIS2MDL_RegisterBusIO	24	static
../Drivers/BSP/Components/lis2mdl/lis2mdl.c:151:9:LIS2MDL_Init	16	static
../Drivers/BSP/Components/lis2mdl/lis2mdl.c:187:9:LIS2MDL_DeInit	16	static
../Drivers/BSP/Components/lis2mdl/lis2mdl.c:206:9:LIS2MDL_ReadID	16	static
../Drivers/BSP/Components/lis2mdl/lis2mdl.c:222:9:LIS2MDL_GetCapabilities	16	static
../Drivers/BSP/Components/lis2mdl/lis2mdl.c:245:9:LIS2MDL_MAG_Enable	16	static
../Drivers/BSP/Components/lis2mdl/lis2mdl.c:269:9:LIS2MDL_MAG_Disable	16	static
../Drivers/BSP/Components/lis2mdl/lis2mdl.c:294:9:LIS2MDL_MAG_GetSensitivity	16	static
../Drivers/BSP/Components/lis2mdl/lis2mdl.c:307:9:LIS2MDL_MAG_GetOutputDataRate	24	static
../Drivers/BSP/Components/lis2mdl/lis2mdl.c:350:9:LIS2MDL_MAG_SetOutputDataRate	24	static
../Drivers/BSP/Components/lis2mdl/lis2mdl.c:374:9:LIS2MDL_MAG_GetFullScale	16	static
../Drivers/BSP/Components/lis2mdl/lis2mdl.c:387:9:LIS2MDL_MAG_SetFullScale	16	static
../Drivers/BSP/Components/lis2mdl/lis2mdl.c:398:9:LIS2MDL_MAG_GetAxesRaw	24	static
../Drivers/BSP/Components/lis2mdl/lis2mdl.c:422:9:LIS2MDL_MAG_GetAxes	40	static
../Drivers/BSP/Components/lis2mdl/lis2mdl.c:451:9:LIS2MDL_Read_Reg	32	static
../Drivers/BSP/Components/lis2mdl/lis2mdl.c:468:9:LIS2MDL_Write_Reg	16	static
../Drivers/BSP/Components/lis2mdl/lis2mdl.c:484:9:LIS2MDL_MAG_Set_SelfTest	16	static
../Drivers/BSP/Components/lis2mdl/lis2mdl.c:500:9:LIS2MDL_MAG_Get_DRDY_Status	16	static
../Drivers/BSP/Components/lis2mdl/lis2mdl.c:516:9:LIS2MDL_MAG_Get_Init_Status	16	static
../Drivers/BSP/Components/lis2mdl/lis2mdl.c:534:9:LIS2MDL_MAG_Set_Filter_Mode	16	static
../Drivers/BSP/Components/lis2mdl/lis2mdl.c:550:9:LIS2MDL_MAG_Set_Power_Mode	16	static
../Drivers/BSP/Components/lis2mdl/lis2mdl.c:576:16:ReadMagRegWrap	48	static
../Drivers/BSP/Components/lis2mdl/lis2mdl.c:600:16:WriteMagRegWrap	48	static
