../MEMS/App/app_mems.c:67:6:MX_MEMS_Init	8	static
../MEMS/App/app_mems.c:88:6:MX_MEMS_Process	8	static
../MEMS/App/app_mems.c:105:6:MX_IKS01A3_DataLogTerminal_Init	56	static
../MEMS/App/app_mems.c:190:6:MX_IKS01A3_DataLogTerminal_Process	16	static
../MEMS/App/app_mems.c:253:13:floatToInt	32	static
../MEMS/App/app_mems.c:275:13:Accelero_Sensor_Handler	96	static
../MEMS/App/app_mems.c:339:13:Gyro_Sensor_Handler	96	static
../MEMS/App/app_mems.c:403:13:Magneto_Sensor_Handler	96	static
../MEMS/App/app_mems.c:467:13:Temp_Sensor_Handler	72	static
../MEMS/App/app_mems.c:520:13:Press_Sensor_Handler	64	static
../MEMS/App/app_mems.c:573:13:Hum_Sensor_Handler	64	static
