../Drivers/BSP/IKS01A3/iks01a3_env_sensors.c:106:9:IKS01A3_ENV_SENSOR_Init	48	static
../Drivers/BSP/IKS01A3/iks01a3_env_sensors.c:296:9:IKS01A3_ENV_SENSOR_DeInit	24	static
../Drivers/BSP/IKS01A3/iks01a3_env_sensors.c:322:9:IKS01A3_ENV_SENSOR_GetCapabilities	24	static
../Drivers/BSP/IKS01A3/iks01a3_env_sensors.c:348:9:IKS01A3_ENV_SENSOR_ReadID	24	static
../Drivers/BSP/IKS01A3/iks01a3_env_sensors.c:376:9:IKS01A3_ENV_SENSOR_Enable	24	static
../Drivers/BSP/IKS01A3/iks01a3_env_sensors.c:414:9:IKS01A3_ENV_SENSOR_Disable	24	static
../Drivers/BSP/IKS01A3/iks01a3_env_sensors.c:453:9:IKS01A3_ENV_SENSOR_GetOutputDataRate	32	static
../Drivers/BSP/IKS01A3/iks01a3_env_sensors.c:492:9:IKS01A3_ENV_SENSOR_SetOutputDataRate	32	static
../Drivers/BSP/IKS01A3/iks01a3_env_sensors.c:531:9:IKS01A3_ENV_SENSOR_GetValue	32	static
../Drivers/BSP/IKS01A3/iks01a3_env_sensors.c:576:16:HTS221_0_Probe	80	static
../Drivers/BSP/IKS01A3/iks01a3_env_sensors.c:661:16:LPS22HH_0_Probe	80	static
../Drivers/BSP/IKS01A3/iks01a3_env_sensors.c:746:16:STTS751_0_Probe	80	static
