../Drivers/BSP/IKS01A3/iks01a3_motion_sensors_ex.c:59:9:IKS01A3_MOTION_SENSOR_Get_DRDY_Status	32	static
../Drivers/BSP/IKS01A3/iks01a3_motion_sensors_ex.c:608:9:IKS01A3_MOTION_SENSOR_Read_Register	32	static
../Drivers/BSP/IKS01A3/iks01a3_motion_sensors_ex.c:915:9:IKS01A3_MOTION_SENSOR_Write_Register	24	static
../Drivers/BSP/IKS01A3/iks01a3_motion_sensors_ex.c:1221:9:IKS01A3_MOTION_SENSOR_Get_Event_Status	24	static
../Drivers/BSP/IKS01A3/iks01a3_motion_sensors_ex.c:1270:9:IKS01A3_MOTION_SENSOR_Enable_Free_Fall_Detection	24	static
../Drivers/BSP/IKS01A3/iks01a3_motion_sensors_ex.c:1302:9:IKS01A3_MOTION_SENSOR_Disable_Free_Fall_Detection	24	static
../Drivers/BSP/IKS01A3/iks01a3_motion_sensors_ex.c:1335:9:IKS01A3_MOTION_SENSOR_Set_Free_Fall_Threshold	24	static
../Drivers/BSP/IKS01A3/iks01a3_motion_sensors_ex.c:1368:9:IKS01A3_MOTION_SENSOR_Set_Free_Fall_Duration	24	static
../Drivers/BSP/IKS01A3/iks01a3_motion_sensors_ex.c:1401:9:IKS01A3_MOTION_SENSOR_Enable_Pedometer	24	static
../Drivers/BSP/IKS01A3/iks01a3_motion_sensors_ex.c:1433:9:IKS01A3_MOTION_SENSOR_Disable_Pedometer	24	static
../Drivers/BSP/IKS01A3/iks01a3_motion_sensors_ex.c:1466:9:IKS01A3_MOTION_SENSOR_Reset_Step_Counter	24	static
../Drivers/BSP/IKS01A3/iks01a3_motion_sensors_ex.c:1499:9:IKS01A3_MOTION_SENSOR_Get_Step_Count	24	static
../Drivers/BSP/IKS01A3/iks01a3_motion_sensors_ex.c:1533:9:IKS01A3_MOTION_SENSOR_Enable_Tilt_Detection	24	static
../Drivers/BSP/IKS01A3/iks01a3_motion_sensors_ex.c:1565:9:IKS01A3_MOTION_SENSOR_Disable_Tilt_Detection	24	static
../Drivers/BSP/IKS01A3/iks01a3_motion_sensors_ex.c:1599:9:IKS01A3_MOTION_SENSOR_Enable_Wake_Up_Detection	24	static
../Drivers/BSP/IKS01A3/iks01a3_motion_sensors_ex.c:1645:9:IKS01A3_MOTION_SENSOR_Disable_Wake_Up_Detection	24	static
../Drivers/BSP/IKS01A3/iks01a3_motion_sensors_ex.c:1691:9:IKS01A3_MOTION_SENSOR_Set_Wake_Up_Threshold	24	static
../Drivers/BSP/IKS01A3/iks01a3_motion_sensors_ex.c:1737:9:IKS01A3_MOTION_SENSOR_Set_Wake_Up_Duration	24	static
../Drivers/BSP/IKS01A3/iks01a3_motion_sensors_ex.c:1783:9:IKS01A3_MOTION_SENSOR_Enable_Inactivity_Detection	24	static
../Drivers/BSP/IKS01A3/iks01a3_motion_sensors_ex.c:1816:9:IKS01A3_MOTION_SENSOR_Disable_Inactivity_Detection	24	static
../Drivers/BSP/IKS01A3/iks01a3_motion_sensors_ex.c:1849:9:IKS01A3_MOTION_SENSOR_Set_Sleep_Duration	24	static
../Drivers/BSP/IKS01A3/iks01a3_motion_sensors_ex.c:1883:9:IKS01A3_MOTION_SENSOR_Enable_Single_Tap_Detection	24	static
../Drivers/BSP/IKS01A3/iks01a3_motion_sensors_ex.c:1915:9:IKS01A3_MOTION_SENSOR_Disable_Single_Tap_Detection	24	static
../Drivers/BSP/IKS01A3/iks01a3_motion_sensors_ex.c:1949:9:IKS01A3_MOTION_SENSOR_Enable_Double_Tap_Detection	24	static
../Drivers/BSP/IKS01A3/iks01a3_motion_sensors_ex.c:1981:9:IKS01A3_MOTION_SENSOR_Disable_Double_Tap_Detection	24	static
../Drivers/BSP/IKS01A3/iks01a3_motion_sensors_ex.c:2014:9:IKS01A3_MOTION_SENSOR_Set_Tap_Threshold	24	static
../Drivers/BSP/IKS01A3/iks01a3_motion_sensors_ex.c:2047:9:IKS01A3_MOTION_SENSOR_Set_Tap_Shock_Time	24	static
../Drivers/BSP/IKS01A3/iks01a3_motion_sensors_ex.c:2080:9:IKS01A3_MOTION_SENSOR_Set_Tap_Quiet_Time	24	static
../Drivers/BSP/IKS01A3/iks01a3_motion_sensors_ex.c:2113:9:IKS01A3_MOTION_SENSOR_Set_Tap_Duration_Time	24	static
../Drivers/BSP/IKS01A3/iks01a3_motion_sensors_ex.c:2147:9:IKS01A3_MOTION_SENSOR_Enable_6D_Orientation	24	static
../Drivers/BSP/IKS01A3/iks01a3_motion_sensors_ex.c:2193:9:IKS01A3_MOTION_SENSOR_Disable_6D_Orientation	24	static
../Drivers/BSP/IKS01A3/iks01a3_motion_sensors_ex.c:2239:9:IKS01A3_MOTION_SENSOR_Set_6D_Orientation_Threshold	24	static
../Drivers/BSP/IKS01A3/iks01a3_motion_sensors_ex.c:2285:9:IKS01A3_MOTION_SENSOR_Get_6D_Orientation_XL	24	static
../Drivers/BSP/IKS01A3/iks01a3_motion_sensors_ex.c:2331:9:IKS01A3_MOTION_SENSOR_Get_6D_Orientation_XH	24	static
../Drivers/BSP/IKS01A3/iks01a3_motion_sensors_ex.c:2377:9:IKS01A3_MOTION_SENSOR_Get_6D_Orientation_YL	24	static
../Drivers/BSP/IKS01A3/iks01a3_motion_sensors_ex.c:2423:9:IKS01A3_MOTION_SENSOR_Get_6D_Orientation_YH	24	static
../Drivers/BSP/IKS01A3/iks01a3_motion_sensors_ex.c:2469:9:IKS01A3_MOTION_SENSOR_Get_6D_Orientation_ZL	24	static
../Drivers/BSP/IKS01A3/iks01a3_motion_sensors_ex.c:2515:9:IKS01A3_MOTION_SENSOR_Get_6D_Orientation_ZH	24	static
../Drivers/BSP/IKS01A3/iks01a3_motion_sensors_ex.c:2561:9:IKS01A3_MOTION_SENSOR_FIFO_Get_Num_Samples	24	static
../Drivers/BSP/IKS01A3/iks01a3_motion_sensors_ex.c:2607:9:IKS01A3_MOTION_SENSOR_FIFO_Get_Full_Status	24	static
../Drivers/BSP/IKS01A3/iks01a3_motion_sensors_ex.c:2642:9:IKS01A3_MOTION_SENSOR_FIFO_Set_BDR	32	static
../Drivers/BSP/IKS01A3/iks01a3_motion_sensors_ex.c:2693:9:IKS01A3_MOTION_SENSOR_FIFO_Set_INT1_FIFO_Full	24	static
../Drivers/BSP/IKS01A3/iks01a3_motion_sensors_ex.c:2726:9:IKS01A3_MOTION_SENSOR_FIFO_Set_Watermark_Level	24	static
../Drivers/BSP/IKS01A3/iks01a3_motion_sensors_ex.c:2759:9:IKS01A3_MOTION_SENSOR_FIFO_Set_Stop_On_Fth	24	static
../Drivers/BSP/IKS01A3/iks01a3_motion_sensors_ex.c:2792:9:IKS01A3_MOTION_SENSOR_FIFO_Set_Mode	24	static
../Drivers/BSP/IKS01A3/iks01a3_motion_sensors_ex.c:2838:9:IKS01A3_MOTION_SENSOR_FIFO_Get_Tag	24	static
../Drivers/BSP/IKS01A3/iks01a3_motion_sensors_ex.c:2873:9:IKS01A3_MOTION_SENSOR_FIFO_Get_Axes	32	static
../Drivers/BSP/IKS01A3/iks01a3_motion_sensors_ex.c:2932:9:IKS01A3_MOTION_SENSOR_Set_SelfTest	32	static
../Drivers/BSP/IKS01A3/iks01a3_motion_sensors_ex.c:3023:9:IKS01A3_MOTION_SENSOR_DRDY_Set_Mode	24	static
../Drivers/BSP/IKS01A3/iks01a3_motion_sensors_ex.c:3060:9:IKS01A3_MOTION_SENSOR_DRDY_Enable_Interrupt	32	static
../Drivers/BSP/IKS01A3/iks01a3_motion_sensors_ex.c:3129:9:IKS01A3_MOTION_SENSOR_DRDY_Disable_Interrupt	32	static
