Archive member included to satisfy reference by file (symbol)

C:/ST/STM32CubeIDE_1.16.1/STM32CubeIDE/plugins/com.st.stm32cube.ide.mcu.externaltools.gnu-tools-for-stm32.12.3.rel1.win32_1.0.200.202406191623/tools/bin/../lib/gcc/arm-none-eabi/12.3.1/../../../../arm-none-eabi/lib/thumb/v6-m/nofp\libc_nano.a(libc_a-exit.o)
                              C:/ST/STM32CubeIDE_1.16.1/STM32CubeIDE/plugins/com.st.stm32cube.ide.mcu.externaltools.gnu-tools-for-stm32.12.3.rel1.win32_1.0.200.202406191623/tools/bin/../lib/gcc/arm-none-eabi/12.3.1/../../../../arm-none-eabi/lib/thumb/v6-m/nofp/crt0.o (exit)
C:/ST/STM32CubeIDE_1.16.1/STM32CubeIDE/plugins/com.st.stm32cube.ide.mcu.externaltools.gnu-tools-for-stm32.12.3.rel1.win32_1.0.200.202406191623/tools/bin/../lib/gcc/arm-none-eabi/12.3.1/../../../../arm-none-eabi/lib/thumb/v6-m/nofp\libc_nano.a(libc_a-findfp.o)
                              C:/ST/STM32CubeIDE_1.16.1/STM32CubeIDE/plugins/com.st.stm32cube.ide.mcu.externaltools.gnu-tools-for-stm32.12.3.rel1.win32_1.0.200.202406191623/tools/bin/../lib/gcc/arm-none-eabi/12.3.1/../../../../arm-none-eabi/lib/thumb/v6-m/nofp\libc_nano.a(libc_a-exit.o) (__stdio_exit_handler)
C:/ST/STM32CubeIDE_1.16.1/STM32CubeIDE/plugins/com.st.stm32cube.ide.mcu.externaltools.gnu-tools-for-stm32.12.3.rel1.win32_1.0.200.202406191623/tools/bin/../lib/gcc/arm-none-eabi/12.3.1/../../../../arm-none-eabi/lib/thumb/v6-m/nofp\libc_nano.a(libc_a-fwalk.o)
                              C:/ST/STM32CubeIDE_1.16.1/STM32CubeIDE/plugins/com.st.stm32cube.ide.mcu.externaltools.gnu-tools-for-stm32.12.3.rel1.win32_1.0.200.202406191623/tools/bin/../lib/gcc/arm-none-eabi/12.3.1/../../../../arm-none-eabi/lib/thumb/v6-m/nofp\libc_nano.a(libc_a-findfp.o) (_fwalk_sglue)
C:/ST/STM32CubeIDE_1.16.1/STM32CubeIDE/plugins/com.st.stm32cube.ide.mcu.externaltools.gnu-tools-for-stm32.12.3.rel1.win32_1.0.200.202406191623/tools/bin/../lib/gcc/arm-none-eabi/12.3.1/../../../../arm-none-eabi/lib/thumb/v6-m/nofp\libc_nano.a(libc_a-printf.o)
                              ./Core/Src/main.o (printf)
C:/ST/STM32CubeIDE_1.16.1/STM32CubeIDE/plugins/com.st.stm32cube.ide.mcu.externaltools.gnu-tools-for-stm32.12.3.rel1.win32_1.0.200.202406191623/tools/bin/../lib/gcc/arm-none-eabi/12.3.1/../../../../arm-none-eabi/lib/thumb/v6-m/nofp\libc_nano.a(libc_a-puts.o)
                              ./Core/Src/main.o (puts)
C:/ST/STM32CubeIDE_1.16.1/STM32CubeIDE/plugins/com.st.stm32cube.ide.mcu.externaltools.gnu-tools-for-stm32.12.3.rel1.win32_1.0.200.202406191623/tools/bin/../lib/gcc/arm-none-eabi/12.3.1/../../../../arm-none-eabi/lib/thumb/v6-m/nofp\libc_nano.a(libc_a-scanf.o)
                              ./Core/Src/main.o (scanf)
C:/ST/STM32CubeIDE_1.16.1/STM32CubeIDE/plugins/com.st.stm32cube.ide.mcu.externaltools.gnu-tools-for-stm32.12.3.rel1.win32_1.0.200.202406191623/tools/bin/../lib/gcc/arm-none-eabi/12.3.1/../../../../arm-none-eabi/lib/thumb/v6-m/nofp\libc_nano.a(libc_a-setvbuf.o)
                              ./Core/Src/main.o (setvbuf)
C:/ST/STM32CubeIDE_1.16.1/STM32CubeIDE/plugins/com.st.stm32cube.ide.mcu.externaltools.gnu-tools-for-stm32.12.3.rel1.win32_1.0.200.202406191623/tools/bin/../lib/gcc/arm-none-eabi/12.3.1/../../../../arm-none-eabi/lib/thumb/v6-m/nofp\libc_nano.a(libc_a-snprintf.o)
                              ./Core/Src/main.o (snprintf)
C:/ST/STM32CubeIDE_1.16.1/STM32CubeIDE/plugins/com.st.stm32cube.ide.mcu.externaltools.gnu-tools-for-stm32.12.3.rel1.win32_1.0.200.202406191623/tools/bin/../lib/gcc/arm-none-eabi/12.3.1/../../../../arm-none-eabi/lib/thumb/v6-m/nofp\libc_nano.a(libc_a-sprintf.o)
                              ./Core/Src/main.o (sprintf)
C:/ST/STM32CubeIDE_1.16.1/STM32CubeIDE/plugins/com.st.stm32cube.ide.mcu.externaltools.gnu-tools-for-stm32.12.3.rel1.win32_1.0.200.202406191623/tools/bin/../lib/gcc/arm-none-eabi/12.3.1/../../../../arm-none-eabi/lib/thumb/v6-m/nofp\libc_nano.a(libc_a-stdio.o)
                              C:/ST/STM32CubeIDE_1.16.1/STM32CubeIDE/plugins/com.st.stm32cube.ide.mcu.externaltools.gnu-tools-for-stm32.12.3.rel1.win32_1.0.200.202406191623/tools/bin/../lib/gcc/arm-none-eabi/12.3.1/../../../../arm-none-eabi/lib/thumb/v6-m/nofp\libc_nano.a(libc_a-findfp.o) (__sread)
C:/ST/STM32CubeIDE_1.16.1/STM32CubeIDE/plugins/com.st.stm32cube.ide.mcu.externaltools.gnu-tools-for-stm32.12.3.rel1.win32_1.0.200.202406191623/tools/bin/../lib/gcc/arm-none-eabi/12.3.1/../../../../arm-none-eabi/lib/thumb/v6-m/nofp\libc_nano.a(libc_a-wbuf.o)
                              C:/ST/STM32CubeIDE_1.16.1/STM32CubeIDE/plugins/com.st.stm32cube.ide.mcu.externaltools.gnu-tools-for-stm32.12.3.rel1.win32_1.0.200.202406191623/tools/bin/../lib/gcc/arm-none-eabi/12.3.1/../../../../arm-none-eabi/lib/thumb/v6-m/nofp\libc_nano.a(libc_a-puts.o) (__swbuf_r)
[...]
Memory Configuration

Name             Origin             Length             Attributes
RAM              0x20000000         0x00005000         xrw
FLASH            0x08000000         0x00030000         xr
*default*        0x00000000         0xffffffff

Linker script and memory map

LOAD C:/ST/STM32CubeIDE_1.16.1/STM32CubeIDE/plugins/com.st.stm32cube.ide.mcu.externaltools.gnu-tools-for-stm32.12.3.rel1.win32_1.0.200.202406191623/tools/bin/../lib/gcc/arm-none-eabi/12.3.1/thumb/v6-m/nofp/crti.o
LOAD C:/ST/STM32CubeIDE_1.16.1/STM32CubeIDE/plugins/com.st.stm32cube.ide.mcu.externaltools.gnu-tools-for-stm32.12.3.rel1.win32_1.0.200.202406191623/tools/bin/../lib/gcc/arm-none-eabi/12.3.1/thumb/v6-m/nofp/crtbegin.o
LOAD C:/ST/STM32CubeIDE_1.16.1/STM32CubeIDE/plugins/com.st.stm32cube.ide.mcu.externaltools.gnu-tools-for-stm32.12.3.rel1.win32_1.0.200.202406191623/tools/bin/../lib/gcc/arm-none-eabi/12.3.1/../../../../arm-none-eabi/lib/thumb/v6-m/nofp/crt0.o
LOAD ./Core/Src/main.o
LOAD ./Core/Src/stm32l0xx_hal_msp.o
LOAD ./Core/Src/stm32l0xx_it.o
LOAD ./Core/Src/stm32l0xx_nucleo_bus.o
LOAD ./Core/Src/syscalls.o
LOAD ./Core/Src/sysmem.o
LOAD ./Core/Src/system_stm32l0xx.o
LOAD ./Core/Startup/startup_stm32l073rztx.o
LOAD ./Drivers/BSP/Components/hts221/hts221.o
LOAD ./Drivers/BSP/Components/hts221/hts221_reg.o
LOAD ./Drivers/BSP/Components/lis2dw12/lis2dw12.o
LOAD ./Drivers/BSP/Components/lis2dw12/lis2dw12_reg.o
LOAD ./Drivers/BSP/Components/lis2mdl/lis2mdl.o
LOAD ./Drivers/BSP/Components/lis2mdl/lis2mdl_reg.o
LOAD ./Drivers/BSP/Components/lps22hh/lps22hh.o
LOAD ./Drivers/BSP/Components/lps22hh/lps22hh_reg.o
LOAD ./Drivers/BSP/Components/lsm6dso/lsm6dso.o
LOAD ./Drivers/BSP/Components/lsm6dso/lsm6dso_reg.o
LOAD ./Drivers/BSP/Components/stts751/stts751.o
LOAD ./Drivers/BSP/Components/stts751/stts751_reg.o
LOAD ./Drivers/BSP/IKS01A3/iks01a3_env_sensors.o
LOAD ./Drivers/BSP/IKS01A3/iks01a3_env_sensors_ex.o
LOAD ./Drivers/BSP/IKS01A3/iks01a3_motion_sensors.o
LOAD ./Drivers/BSP/IKS01A3/iks01a3_motion_sensors_ex.o
LOAD ./Drivers/BSP/STM32L0xx_Nucleo/stm32l0xx_nucleo.o
LOAD ./Drivers/STM32L0xx_HAL_Driver/Src/stm32l0xx_hal.o
LOAD ./Drivers/STM32L0xx_HAL_Driver/Src/stm32l0xx_hal_adc.o
LOAD ./Drivers/STM32L0xx_HAL_Driver/Src/stm32l0xx_hal_adc_ex.o
LOAD ./Drivers/STM32L0xx_HAL_Driver/Src/stm32l0xx_hal_cortex.o
LOAD ./Drivers/STM32L0xx_HAL_Driver/Src/stm32l0xx_hal_dac.o
LOAD ./Drivers/STM32L0xx_HAL_Driver/Src/stm32l0xx_hal_dac_ex.o
LOAD ./Drivers/STM32L0xx_HAL_Driver/Src/stm32l0xx_hal_dma.o
LOAD ./Drivers/STM32L0xx_HAL_Driver/Src/stm32l0xx_hal_exti.o
LOAD ./Drivers/STM32L0xx_HAL_Driver/Src/stm32l0xx_hal_flash.o
LOAD ./Drivers/STM32L0xx_HAL_Driver/Src/stm32l0xx_hal_flash_ex.o
LOAD ./Drivers/STM32L0xx_HAL_Driver/Src/stm32l0xx_hal_flash_ramfunc.o
LOAD ./Drivers/STM32L0xx_HAL_Driver/Src/stm32l0xx_hal_gpio.o
LOAD ./Drivers/STM32L0xx_HAL_Driver/Src/stm32l0xx_hal_i2c.o
LOAD ./Drivers/STM32L0xx_HAL_Driver/Src/stm32l0xx_hal_i2c_ex.o
LOAD ./Drivers/STM32L0xx_HAL_Driver/Src/stm32l0xx_hal_pwr.o
LOAD ./Drivers/STM32L0xx_HAL_Driver/Src/stm32l0xx_hal_pwr_ex.o
LOAD ./Drivers/STM32L0xx_HAL_Driver/Src/stm32l0xx_hal_rcc.o
LOAD ./Drivers/STM32L0xx_HAL_Driver/Src/stm32l0xx_hal_rcc_ex.o
LOAD ./Drivers/STM32L0xx_HAL_Driver/Src/stm32l0xx_hal_tim.o
LOAD ./Drivers/STM32L0xx_HAL_Driver/Src/stm32l0xx_hal_tim_ex.o
LOAD ./Drivers/STM32L0xx_HAL_Driver/Src/stm32l0xx_hal_uart.o
LOAD ./Drivers/STM32L0xx_HAL_Driver/Src/stm32l0xx_hal_uart_ex.o
LOAD ./MEMS/App/app_mems.o
START GROUP
LOAD C:/ST/STM32CubeIDE_1.16.1/STM32CubeIDE/plugins/com.st.stm32cube.ide.mcu.externaltools.gnu-tools-for-stm32.12.3.rel1.win32_1.0.200.202406191623/tools/bin/../lib/gcc/arm-none-eabi/12.3.1/../../../../arm-none-eabi/lib/thumb/v6-m/nofp\libc_nano.a
LOAD C:/ST/STM32CubeIDE_1.16.1/STM32CubeIDE/plugins/com.st.stm32cube.ide.mcu.externaltools.gnu-tools-for-stm32.12.3.rel1.win32_1.0.200.202406191623/tools/bin/../lib/gcc/arm-none-eabi/12.3.1/../../../../arm-none-eabi/lib/thumb/v6-m/nofp\libm.a
END GROUP
START GROUP
LOAD C:/ST/STM32CubeIDE_1.16.1/STM32CubeIDE/plugins/com.st.stm32cube.ide.mcu.externaltools.gnu-tools-for-stm32.12.3.rel1.win32_1.0.200.202406191623/tools/bin/../lib/gcc/arm-none-eabi/12.3.1/thumb/v6-m/nofp\libgcc.a
LOAD C:/ST/STM32CubeIDE_1.16.1/STM32CubeIDE/plugins/com.st.stm32cube.ide.mcu.externaltools.gnu-tools-for-stm32.12.3.rel1.win32_1.0.200.202406191623/tools/bin/../lib/gcc/arm-none-eabi/12.3.1/../../../../arm-none-eabi/lib/thumb/v6-m/nofp\libc_nano.a
END GROUP
START GROUP
LOAD C:/ST/STM32CubeIDE_1.16.1/STM32CubeIDE/plugins/com.st.stm32cube.ide.mcu.externaltools.gnu-tools-for-stm32.12.3.rel1.win32_1.0.200.202406191623/tools/bin/../lib/gcc/arm-none-eabi/12.3.1/thumb/v6-m/nofp\libgcc.a
LOAD C:/ST/STM32CubeIDE_1.16.1/STM32CubeIDE/plugins/com.st.stm32cube.ide.mcu.externaltools.gnu-tools-for-stm32.12.3.rel1.win32_1.0.200.202406191623/tools/bin/../lib/gcc/arm-none-eabi/12.3.1/../../../../arm-none-eabi/lib/thumb/v6-m/nofp\libc_nano.a
LOAD C:/ST/STM32CubeIDE_1.16.1/STM32CubeIDE/plugins/com.st.stm32cube.ide.mcu.externaltools.gnu-tools-for-stm32.12.3.rel1.win32_1.0.200.202406191623/tools/bin/../lib/gcc/arm-none-eabi/12.3.1/../../../../arm-none-eabi/lib/thumb/v6-m/nofp\libnosys.a
END GROUP
START GROUP
LOAD C:/ST/STM32CubeIDE_1.16.1/STM32CubeIDE/plugins/com.st.stm32cube.ide.mcu.externaltools.gnu-tools-for-stm32.12.3.rel1.win32_1.0.200.202406191623/tools/bin/../lib/gcc/arm-none-eabi/12.3.1/thumb/v6-m/nofp\libgcc.a
LOAD C:/ST/STM32CubeIDE_1.16.1/STM32CubeIDE/plugins/com.st.stm32cube.ide.mcu.externaltools.gnu-tools-for-stm32.12.3.rel1.win32_1.0.200.202406191623/tools/bin/../lib/gcc/arm-none-eabi/12.3.1/../../../../arm-none-eabi/lib/thumb/v6-m/nofp\libc_nano.a
LOAD C:/ST/STM32CubeIDE_1.16.1/STM32CubeIDE/plugins/com.st.stm32cube.ide.mcu.externaltools.gnu-tools-for-stm32.12.3.rel1.win32_1.0.200.202406191623/tools/bin/../lib/gcc/arm-none-eabi/12.3.1/../../../../arm-none-eabi/lib/thumb/v6-m/nofp\libnosys.a
END GROUP
LOAD C:/ST/STM32CubeIDE_1.16.1/STM32CubeIDE/plugins/com.st.stm32cube.ide.mcu.externaltools.gnu-tools-for-stm32.12.3.rel1.win32_1.0.200.202406191623/tools/bin/../lib/gcc/arm-none-eabi/12.3.1/thumb/v6-m/nofp/crtend.o
LOAD C:/ST/STM32CubeIDE_1.16.1/STM32CubeIDE/plugins/com.st.stm32cube.ide.mcu.externaltools.gnu-tools-for-stm32.12.3.rel1.win32_1.0.200.202406191623/tools/bin/../lib/gcc/arm-none-eabi/12.3.1/thumb/v6-m/nofp/crtn.o
                0x20005000                        _estack = (ORIGIN (RAM) + LENGTH (RAM))
                0x00000200                        _Min_Heap_Size = 0x200
                0x00000400                        _Min_Stack_Size = 0x400

.isr_vector     0x08000000       0xc0
                0x08000000                        . = ALIGN (0x4)
 *(.isr_vector)
 .isr_vector    0x08000000       0xc0 ./Core/Startup/startup_stm32l073rztx.o
                0x08000000                g_pfnVectors
                0x080000c0                        . = ALIGN (0x4)

.text           0x080000c0    0x13f04
                0x080000c0                        . = ALIGN (0x4)
 *(.text)
 .text          0x080000c0       0x48 C:/ST/STM32CubeIDE_1.16.1/STM32CubeIDE/plugins/com.st.stm32cube.ide.mcu.externaltools.gnu-tools-for-stm32.12.3.rel1.win32_1.0.200.202406191623/tools/bin/../lib/gcc/arm-none-eabi/12.3.1/thumb/v6-m/nofp/crtbegin.o
 .text          0x08000108       0x14 C:/ST/STM32CubeIDE_1.16.1/STM32CubeIDE/plugins/com.st.stm32cube.ide.mcu.externaltools.gnu-tools-for-stm32.12.3.rel1.win32_1.0.200.202406191623/tools/bin/../lib/gcc/arm-none-eabi/12.3.1/../../../../arm-none-eabi/lib/thumb/v6-m/nofp\libc_nano.a(libc_a-strcmp.o)
                0x08000108                strcmp
 .text          0x0800011c       0x14 C:/ST/STM32CubeIDE_1.16.1/STM32CubeIDE/plugins/com.st.stm32cube.ide.mcu.externaltools.gnu-tools-for-stm32.12.3.rel1.win32_1.0.200.202406191623/tools/bin/../lib/gcc/arm-none-eabi/12.3.1/thumb/v6-m/nofp\libgcc.a(_thumb1_case_shi.o)
                0x0800011c                __gnu_thumb1_case_shi
 .text          0x08000130      0x114 C:/ST/STM32CubeIDE_1.16.1/STM32CubeIDE/plugins/com.st.stm32cube.ide.mcu.externaltools.gnu-tools-for-stm32.12.3.rel1.win32_1.0.200.202406191623/tools/bin/../lib/gcc/arm-none-eabi/12.3.1/thumb/v6-m/nofp\libgcc.a(_udivsi3.o)
                0x08000130                __aeabi_uidiv
                0x08000130                __udivsi3
                0x0800023c                __aeabi_uidivmod
 .text          0x08000244        0x4 C:/ST/STM32CubeIDE_1.16.1/STM32CubeIDE/plugins/com.st.stm32cube.ide.mcu.externaltools.gnu-tools-for-stm32.12.3.rel1.win32_1.0.200.202406191623/tools/bin/../lib/gcc/arm-none-eabi/12.3.1/thumb/v6-m/nofp\libgcc.a(_dvmd_tls.o)
                0x08000244                __aeabi_idiv0
                0x08000244                __aeabi_ldiv0
 .text          0x08000248       0x7c C:/ST/STM32CubeIDE_1.16.1/STM32CubeIDE/plugins/com.st.stm32cube.ide.mcu.externaltools.gnu-tools-for-stm32.12.3.rel1.win32_1.0.200.202406191623/tools/bin/../lib/gcc/arm-none-eabi/12.3.1/thumb/v6-m/nofp\libgcc.a(_arm_cmpdf2.o)
                0x08000248                __aeabi_cdrcmple
                0x08000258                __aeabi_cdcmple
                0x08000258                __aeabi_cdcmpeq
                0x08000268                __aeabi_dcmpeq
                0x08000274                __aeabi_dcmplt
                0x08000288                __aeabi_dcmple
                0x0800029c                __aeabi_dcmpgt
                0x080002b0                __aeabi_dcmpge
 .text          0x080002c4       0x74 C:/ST/STM32CubeIDE_1.16.1/STM32CubeIDE/plugins/com.st.stm32cube.ide.mcu.externaltools.gnu-tools-for-stm32.12.3.rel1.win32_1.0.200.202406191623/tools/bin/../lib/gcc/arm-none-eabi/12.3.1/thumb/v6-m/nofp\libgcc.a(_arm_cmpsf2.o)
                0x080002c4                __aeabi_cfrcmple
                0x080002cc                __aeabi_cfcmpeq
                0x080002cc                __aeabi_cfcmple
                0x080002dc                __aeabi_fcmpeq
                0x080002e8                __aeabi_fcmplt
                0x080002fc                __aeabi_fcmple
                0x08000310                __aeabi_fcmpgt
                0x08000324                __aeabi_fcmpge
 .text          0x08000338       0x40 C:/ST/STM32CubeIDE_1.16.1/STM32CubeIDE/plugins/com.st.stm32cube.ide.mcu.externaltools.gnu-tools-for-stm32.12.3.rel1.win32_1.0.200.202406191623/tools/bin/../lib/gcc/arm-none-eabi/12.3.1/thumb/v6-m/nofp\libgcc.a(_aeabi_uldivmod.o)
                0x08000338                __aeabi_uldivmod
 .text          0x08000378       0x5c C:/ST/STM32CubeIDE_1.16.1/STM32CubeIDE/plugins/com.st.stm32cube.ide.mcu.externaltools.gnu-tools-for-stm32.12.3.rel1.win32_1.0.200.202406191623/tools/bin/../lib/gcc/arm-none-eabi/12.3.1/thumb/v6-m/nofp\libgcc.a(_muldi3.o)
                0x08000378                __muldi3
                0x08000378                __aeabi_lmul
 .text          0x080003d4      0x198 C:/ST/STM32CubeIDE_1.16.1/STM32CubeIDE/plugins/com.st.stm32cube.ide.mcu.externaltools.gnu-tools-for-stm32.12.3.rel1.win32_1.0.200.202406191623/tools/bin/../lib/gcc/arm-none-eabi/12.3.1/thumb/v6-m/nofp\libgcc.a(_udivmoddi4.o)
                0x080003d4                __udivmoddi4
 .text          0x0800056c      0x314 C:/ST/STM32CubeIDE_1.16.1/STM32CubeIDE/plugins/com.st.stm32cube.ide.mcu.externaltools.gnu-tools-for-stm32.12.3.rel1.win32_1.0.200.202406191623/tools/bin/../lib/gcc/arm-none-eabi/12.3.1/thumb/v6-m/nofp\libgcc.a(addsf3.o)
                0x0800056c                __aeabi_fadd
 .text          0x08000880      0x240 C:/ST/STM32CubeIDE_1.16.1/STM32CubeIDE/plugins/com.st.stm32cube.ide.mcu.externaltools.gnu-tools-for-stm32.12.3.rel1.win32_1.0.200.202406191623/tools/bin/../lib/gcc/arm-none-eabi/12.3.1/thumb/v6-m/nofp\libgcc.a(divsf3.o)
                0x08000880                __aeabi_fdiv
 .text          0x08000ac0       0x50 C:/ST/STM32CubeIDE_1.16.1/STM32CubeIDE/plugins/com.st.stm32cube.ide.mcu.externaltools.gnu-tools-for-stm32.12.3.rel1.win32_1.0.200.202406191623/tools/bin/../lib/gcc/arm-none-eabi/12.3.1/thumb/v6-m/nofp\libgcc.a(eqsf2.o)
                0x08000ac0                __eqsf2
                0x08000ac0                __nesf2
 .text          0x08000b10       0xa0 C:/ST/STM32CubeIDE_1.16.1/STM32CubeIDE/plugins/com.st.stm32cube.ide.mcu.externaltools.gnu-tools-for-stm32.12.3.rel1.win32_1.0.200.202406191623/tools/bin/../lib/gcc/arm-none-eabi/12.3.1/thumb/v6-m/nofp\libgcc.a(gesf2.o)
                0x08000b10                __gesf2
                0x08000b10                __gtsf2
 .text          0x08000bb0       0x9c C:/ST/STM32CubeIDE_1.16.1/STM32CubeIDE/plugins/com.st.stm32cube.ide.mcu.externaltools.gnu-tools-for-stm32.12.3.rel1.win32_1.0.200.202406191623/tools/bin/../lib/gcc/arm-none-eabi/12.3.1/thumb/v6-m/nofp\libgcc.a(lesf2.o)
                0x08000bb0                __ltsf2
                0x08000bb0                __lesf2
 .text          0x08000c4c      0x27c C:/ST/STM32CubeIDE_1.16.1/STM32CubeIDE/plugins/com.st.stm32cube.ide.mcu.externaltools.gnu-tools-for-stm32.12.3.rel1.win32_1.0.200.202406191623/tools/bin/../lib/gcc/arm-none-eabi/12.3.1/thumb/v6-m/nofp\libgcc.a(mulsf3.o)
                0x08000c4c                __aeabi_fmul
 .text          0x08000ec8      0x348 C:/ST/STM32CubeIDE_1.16.1/STM32CubeIDE/plugins/com.st.stm32cube.ide.mcu.externaltools.gnu-tools-for-stm32.12.3.rel1.win32_1.0.200.202406191623/tools/bin/../lib/gcc/arm-none-eabi/12.3.1/thumb/v6-m/nofp\libgcc.a(subsf3.o)
                0x08000ec8                __aeabi_fsub
 .text          0x08001210       0x40 C:/ST/STM32CubeIDE_1.16.1/STM32CubeIDE/plugins/com.st.stm32cube.ide.mcu.externaltools.gnu-tools-for-stm32.12.3.rel1.win32_1.0.200.202406191623/tools/bin/../lib/gcc/arm-none-eabi/12.3.1/thumb/v6-m/nofp\libgcc.a(fixsfsi.o)
                0x08001210                __aeabi_f2iz
 .text          0x08001250       0x98 C:/ST/STM32CubeIDE_1.16.1/STM32CubeIDE/plugins/com.st.stm32cube.ide.mcu.externaltools.gnu-tools-for-stm32.12.3.rel1.win32_1.0.200.202406191623/tools/bin/../lib/gcc/arm-none-eabi/12.3.1/thumb/v6-m/nofp\libgcc.a(floatsisf.o)
                0x08001250                __aeabi_i2f
 .text          0x080012e8       0x84 C:/ST/STM32CubeIDE_1.16.1/STM32CubeIDE/plugins/com.st.stm32cube.ide.mcu.externaltools.gnu-tools-for-stm32.12.3.rel1.win32_1.0.200.202406191623/tools/bin/../lib/gcc/arm-none-eabi/12.3.1/thumb/v6-m/nofp\libgcc.a(floatunsisf.o)
                0x080012e8                __aeabi_ui2f
 .text          0x0800136c      0x6c8 C:/ST/STM32CubeIDE_1.16.1/STM32CubeIDE/plugins/com.st.stm32cube.ide.mcu.externaltools.gnu-tools-for-stm32.12.3.rel1.win32_1.0.200.202406191623/tools/bin/../lib/gcc/arm-none-eabi/12.3.1/thumb/v6-m/nofp\libgcc.a(adddf3.o)
                0x0800136c                __aeabi_dadd
 .text          0x08001a34      0x634 C:/ST/STM32CubeIDE_1.16.1/STM32CubeIDE/plugins/com.st.stm32cube.ide.mcu.externaltools.gnu-tools-for-stm32.12.3.rel1.win32_1.0.200.202406191623/tools/bin/../lib/gcc/arm-none-eabi/12.3.1/thumb/v6-m/nofp\libgcc.a(divdf3.o)
                0x08001a34                __aeabi_ddiv
 .text          0x08002068       0x88 C:/ST/STM32CubeIDE_1.16.1/STM32CubeIDE/plugins/com.st.stm32cube.ide.mcu.externaltools.gnu-tools-for-stm32.12.3.rel1.win32_1.0.200.202406191623/tools/bin/../lib/gcc/arm-none-eabi/12.3.1/thumb/v6-m/nofp\libgcc.a(eqdf2.o)
                0x08002068                __nedf2
                0x08002068                __eqdf2
 .text          0x080020f0       0xe8 C:/ST/STM32CubeIDE_1.16.1/STM32CubeIDE/plugins/com.st.stm32cube.ide.mcu.externaltools.gnu-tools-for-stm32.12.3.rel1.win32_1.0.200.202406191623/tools/bin/../lib/gcc/arm-none-eabi/12.3.1/thumb/v6-m/nofp\libgcc.a(gedf2.o)
                0x080020f0                __gedf2
                0x080020f0                __gtdf2
 .text          0x080021d8       0xe4 C:/ST/STM32CubeIDE_1.16.1/STM32CubeIDE/plugins/com.st.stm32cube.ide.mcu.externaltools.gnu-tools-for-stm32.12.3.rel1.win32_1.0.200.202406191623/tools/bin/../lib/gcc/arm-none-eabi/12.3.1/thumb/v6-m/nofp\libgcc.a(ledf2.o)
                0x080021d8                __ledf2
                0x080021d8                __ltdf2
 .text          0x080022bc      0x590 C:/ST/STM32CubeIDE_1.16.1/STM32CubeIDE/plugins/com.st.stm32cube.ide.mcu.externaltools.gnu-tools-for-stm32.12.3.rel1.win32_1.0.200.202406191623/tools/bin/../lib/gcc/arm-none-eabi/12.3.1/thumb/v6-m/nofp\libgcc.a(muldf3.o)
                0x080022bc                __aeabi_dmul
 .text          0x0800284c      0x738 C:/ST/STM32CubeIDE_1.16.1/STM32CubeIDE/plugins/com.st.stm32cube.ide.mcu.externaltools.gnu-tools-for-stm32.12.3.rel1.win32_1.0.200.202406191623/tools/bin/../lib/gcc/arm-none-eabi/12.3.1/thumb/v6-m/nofp\libgcc.a(subdf3.o)
                0x0800284c                __aeabi_dsub
 .text          0x08002f84       0x44 C:/ST/STM32CubeIDE_1.16.1/STM32CubeIDE/plugins/com.st.stm32cube.ide.mcu.externaltools.gnu-tools-for-stm32.12.3.rel1.win32_1.0.200.202406191623/tools/bin/../lib/gcc/arm-none-eabi/12.3.1/thumb/v6-m/nofp\libgcc.a(unorddf2.o)
                0x08002f84                __aeabi_dcmpun
 .text          0x08002fc8       0x78 C:/ST/STM32CubeIDE_1.16.1/STM32CubeIDE/plugins/com.st.stm32cube.ide.mcu.externaltools.gnu-tools-for-stm32.12.3.rel1.win32_1.0.200.202406191623/tools/bin/../lib/gcc/arm-none-eabi/12.3.1/thumb/v6-m/nofp\libgcc.a(fixdfsi.o)
                0x08002fc8                __aeabi_d2iz
 .text          0x08003040       0x5c C:/ST/STM32CubeIDE_1.16.1/STM32CubeIDE/plugins/com.st.stm32cube.ide.mcu.externaltools.gnu-tools-for-stm32.12.3.rel1.win32_1.0.200.202406191623/tools/bin/../lib/gcc/arm-none-eabi/12.3.1/thumb/v6-m/nofp\libgcc.a(floatsidf.o)
                0x08003040                __aeabi_i2d
 .text          0x0800309c       0x48 C:/ST/STM32CubeIDE_1.16.1/STM32CubeIDE/plugins/com.st.stm32cube.ide.mcu.externaltools.gnu-tools-for-stm32.12.3.rel1.win32_1.0.200.202406191623/tools/bin/../lib/gcc/arm-none-eabi/12.3.1/thumb/v6-m/nofp\libgcc.a(floatunsidf.o)
                0x0800309c                __aeabi_ui2d
 .text          0x080030e4       0x90 C:/ST/STM32CubeIDE_1.16.1/STM32CubeIDE/plugins/com.st.stm32cube.ide.mcu.externaltools.gnu-tools-for-stm32.12.3.rel1.win32_1.0.200.202406191623/tools/bin/../lib/gcc/arm-none-eabi/12.3.1/thumb/v6-m/nofp\libgcc.a(extendsfdf2.o)
                0x080030e4                __aeabi_f2d
 .text          0x08003174      0x108 C:/ST/STM32CubeIDE_1.16.1/STM32CubeIDE/plugins/com.st.stm32cube.ide.mcu.externaltools.gnu-tools-for-stm32.12.3.rel1.win32_1.0.200.202406191623/tools/bin/../lib/gcc/arm-none-eabi/12.3.1/thumb/v6-m/nofp\libgcc.a(truncdfsf2.o)
                0x08003174                __aeabi_d2f
 .text          0x0800327c       0x3c C:/ST/STM32CubeIDE_1.16.1/STM32CubeIDE/plugins/com.st.stm32cube.ide.mcu.externaltools.gnu-tools-for-stm32.12.3.rel1.win32_1.0.200.202406191623/tools/bin/../lib/gcc/arm-none-eabi/12.3.1/thumb/v6-m/nofp\libgcc.a(_clzsi2.o)
                0x0800327c                __clzsi2
 .text          0x080032b8       0x18 C:/ST/STM32CubeIDE_1.16.1/STM32CubeIDE/plugins/com.st.stm32cube.ide.mcu.externaltools.gnu-tools-for-stm32.12.3.rel1.win32_1.0.200.202406191623/tools/bin/../lib/gcc/arm-none-eabi/12.3.1/thumb/v6-m/nofp\libgcc.a(_clzdi2.o)
                0x080032b8                __clzdi2
 *(.text*)
 .text.main     0x080032d0      0x1b8 ./Core/Src/main.o
                0x080032d0                main
 .text.SystemClock_Config
                0x08003488       0xec ./Core/Src/main.o
                0x08003488                SystemClock_Config
 .text.MX_NVIC_Init
                0x08003574       0x3a ./Core/Src/main.o
 *fill*         0x080035ae        0x2 
 .text.MX_ADC_Init
                0x080035b0       0xc8 ./Core/Src/main.o
 .text.MX_DAC_Init
                0x08003678       0x5c ./Core/Src/main.o
 .text.MX_TIM2_Init
                0x080036d4       0xa8 ./Core/Src/main.o
 .text.MX_TIM3_Init
                0x0800377c       0xa8 ./Core/Src/main.o
 .text.MX_GPIO_Init
                0x08003824       0xf0 ./Core/Src/main.o
 .text.read_task
                0x08003914      0x18c ./Core/Src/main.o
 .text.LPS22HH_Config
                0x08003aa0       0x38 ./Core/Src/main.o
 .text.LPS22HH_Handler
                0x08003ad8      0x148 ./Core/Src/main.o
 .text.print_flash_info
                0x08003c20      0x104 ./Core/Src/main.o
                0x08003c20                print_flash_info
 .text.erase_flash
                0x08003d24       0xe8 ./Core/Src/main.o
                0x08003d24                erase_flash
 .text.write_flash
                0x08003e0c       0x80 ./Core/Src/main.o
                0x08003e0c                write_flash
 .text.read_flash
                0x08003e8c       0x20 ./Core/Src/main.o
                0x08003e8c                read_flash
 .text.BSP_PB_Callback
                0x08003eac       0x38 ./Core/Src/main.o
                0x08003eac                BSP_PB_Callback
 .text.floatToInt
                0x08003ee4       0xf4 ./Core/Src/main.o
 .text.FloatToUint
                0x08003fd8       0x14 ./Core/Src/main.o
                0x08003fd8                FloatToUint
 .text.UintToFloat
                0x08003fec       0x14 ./Core/Src/main.o
                0x08003fec                UintToFloat
 .text.pressureToAltitude
                0x08004000       0x74 ./Core/Src/main.o
                0x08004000                pressureToAltitude
 .text._read    0x08004074       0x80 ./Core/Src/main.o
                0x08004074                _read
 .text.Error_Handler
                0x080040f4        0xa ./Core/Src/main.o
                0x080040f4                Error_Handler
 *fill*         0x080040fe        0x2 
 .text.HAL_MspInit
                0x08004100       0x28 ./Core/Src/stm32l0xx_hal_msp.o
                0x08004100                HAL_MspInit
 .text.HAL_ADC_MspInit
                0x08004128       0xb4 ./Core/Src/stm32l0xx_hal_msp.o
                0x08004128                HAL_ADC_MspInit
 .text.HAL_DAC_MspInit
                0x080041dc       0x78 ./Core/Src/stm32l0xx_hal_msp.o
                0x080041dc                HAL_DAC_MspInit
 .text.HAL_TIM_Base_MspInit
                0x08004254       0x48 ./Core/Src/stm32l0xx_hal_msp.o
                0x08004254                HAL_TIM_Base_MspInit
 .text.NMI_Handler
                0x0800429c        0xa ./Core/Src/stm32l0xx_it.o
                0x0800429c                NMI_Handler
 .text.HardFault_Handler
                0x080042a6        0x8 ./Core/Src/stm32l0xx_it.o
                0x080042a6                HardFault_Handler
 .text.SVC_Handler
                0x080042ae        0xa ./Core/Src/stm32l0xx_it.o
                0x080042ae                SVC_Handler
 .text.PendSV_Handler
                0x080042b8        0xa ./Core/Src/stm32l0xx_it.o
                0x080042b8                PendSV_Handler
 .text.SysTick_Handler
                0x080042c2        0xe ./Core/Src/stm32l0xx_it.o
                0x080042c2                SysTick_Handler
 .text.EXTI0_1_IRQHandler
                0x080042d0       0x16 ./Core/Src/stm32l0xx_it.o
                0x080042d0                EXTI0_1_IRQHandler
 *fill*         0x080042e6        0x2 
 .text.EXTI4_15_IRQHandler
                0x080042e8       0x2c ./Core/Src/stm32l0xx_it.o
                0x080042e8                EXTI4_15_IRQHandler
 .text.TIM2_IRQHandler
                0x08004314       0x20 ./Core/Src/stm32l0xx_it.o
                0x08004314                TIM2_IRQHandler
 .text.TIM3_IRQHandler
                0x08004334       0x50 ./Core/Src/stm32l0xx_it.o
                0x08004334                TIM3_IRQHandler
 .text.USART2_IRQHandler
                0x08004384       0x18 ./Core/Src/stm32l0xx_it.o
                0x08004384                USART2_IRQHandler
 .text.BSP_I2C1_Init
                0x0800439c       0x7c ./Core/Src/stm32l0xx_nucleo_bus.o
                0x0800439c                BSP_I2C1_Init
 .text.BSP_I2C1_DeInit
                0x08004418       0x50 ./Core/Src/stm32l0xx_nucleo_bus.o
                0x08004418                BSP_I2C1_DeInit
 .text.BSP_I2C1_WriteReg
                0x08004468       0x78 ./Core/Src/stm32l0xx_nucleo_bus.o
                0x08004468                BSP_I2C1_WriteReg
 .text.BSP_I2C1_ReadReg
                0x080044e0       0x78 ./Core/Src/stm32l0xx_nucleo_bus.o
                0x080044e0                BSP_I2C1_ReadReg
 .text.BSP_GetTick
                0x08004558       0x10 ./Core/Src/stm32l0xx_nucleo_bus.o
                0x08004558                BSP_GetTick
 .text.MX_I2C1_Init
                0x08004568       0x9c ./Core/Src/stm32l0xx_nucleo_bus.o
                0x08004568                MX_I2C1_Init
 .text.I2C1_MspInit
                0x08004604       0x9c ./Core/Src/stm32l0xx_nucleo_bus.o
 .text.I2C1_MspDeInit
                0x080046a0       0x44 ./Core/Src/stm32l0xx_nucleo_bus.o
 .text._write   0x080046e4       0x38 ./Core/Src/syscalls.o
                0x080046e4                _write
 .text._close   0x0800471c       0x14 ./Core/Src/syscalls.o
                0x0800471c                _close
 .text._fstat   0x08004730       0x1c ./Core/Src/syscalls.o
                0x08004730                _fstat
 .text._isatty  0x0800474c       0x12 ./Core/Src/syscalls.o
                0x0800474c                _isatty
 .text._lseek   0x0800475e       0x16 ./Core/Src/syscalls.o
                0x0800475e                _lseek
 .text._sbrk    0x08004774       0x6c ./Core/Src/sysmem.o
                0x08004774                _sbrk
 .text.SystemInit
                0x080047e0        0xa ./Core/Src/system_stm32l0xx.o
                0x080047e0                SystemInit
 *fill*         0x080047ea        0x2 
 .text.Reset_Handler
                0x080047ec       0x50 ./Core/Startup/startup_stm32l073rztx.o
                0x080047ec                Reset_Handler
 .text.Default_Handler
                0x0800483c        0x2 ./Core/Startup/startup_stm32l073rztx.o
                0x0800483c                TSC_IRQHandler
                0x0800483c                ADC1_COMP_IRQHandler
                0x0800483c                PVD_IRQHandler
                0x0800483c                I2C1_IRQHandler
                0x0800483c                RCC_CRS_IRQHandler
                0x0800483c                SPI1_IRQHandler
                0x0800483c                TIM6_DAC_IRQHandler
                0x0800483c                EXTI2_3_IRQHandler
                0x0800483c                I2C2_IRQHandler
                0x0800483c                RTC_IRQHandler
                0x0800483c                LCD_IRQHandler
                0x0800483c                DMA1_Channel4_5_6_7_IRQHandler
                0x0800483c                DMA1_Channel1_IRQHandler
                0x0800483c                USART4_5_IRQHandler
                0x0800483c                Default_Handler
                0x0800483c                TIM22_IRQHandler
                0x0800483c                TIM7_IRQHandler
                0x0800483c                USB_IRQHandler
                0x0800483c                I2C3_IRQHandler
                0x0800483c                SPI2_IRQHandler
                0x0800483c                TIM21_IRQHandler
                0x0800483c                WWDG_IRQHandler
                0x0800483c                DMA1_Channel2_3_IRQHandler
                0x0800483c                FLASH_IRQHandler
                0x0800483c                USART1_IRQHandler
                0x0800483c                RNG_LPUART1_IRQHandler
                0x0800483c                LPTIM1_IRQHandler
 *fill*         0x0800483e        0x2 
 .text.HTS221_RegisterBusIO
                0x08004840       0x90 ./Drivers/BSP/Components/hts221/hts221.o
                0x08004840                HTS221_RegisterBusIO
 .text.HTS221_Init
                0x080048d0       0x36 ./Drivers/BSP/Components/hts221/hts221.o
                0x080048d0                HTS221_Init
 .text.HTS221_DeInit
                0x08004906       0x48 ./Drivers/BSP/Components/hts221/hts221.o
                0x08004906                HTS221_DeInit
 .text.HTS221_ReadID
                0x0800494e       0x2c ./Drivers/BSP/Components/hts221/hts221.o
                0x0800494e                HTS221_ReadID
 *fill*         0x0800497a        0x2 
 .text.HTS221_GetCapabilities
                0x0800497c       0x44 ./Drivers/BSP/Components/hts221/hts221.o
                0x0800497c                HTS221_GetCapabilities
 .text.HTS221_HUM_Enable
                0x080049c0       0x48 ./Drivers/BSP/Components/hts221/hts221.o
                0x080049c0                HTS221_HUM_Enable
 .text.HTS221_HUM_Disable
                0x08004a08       0x48 ./Drivers/BSP/Components/hts221/hts221.o
                0x08004a08                HTS221_HUM_Disable
 .text.HTS221_HUM_GetOutputDataRate
                0x08004a50       0x20 ./Drivers/BSP/Components/hts221/hts221.o
                0x08004a50                HTS221_HUM_GetOutputDataRate
 .text.HTS221_HUM_SetOutputDataRate
                0x08004a70       0x20 ./Drivers/BSP/Components/hts221/hts221.o
                0x08004a70                HTS221_HUM_SetOutputDataRate
 .text.HTS221_HUM_GetHumidity
                0x08004a90      0x144 ./Drivers/BSP/Components/hts221/hts221.o
                0x08004a90                HTS221_HUM_GetHumidity
 .text.HTS221_TEMP_Enable
                0x08004bd4       0x48 ./Drivers/BSP/Components/hts221/hts221.o
                0x08004bd4                HTS221_TEMP_Enable
 .text.HTS221_TEMP_Disable
                0x08004c1c       0x48 ./Drivers/BSP/Components/hts221/hts221.o
                0x08004c1c                HTS221_TEMP_Disable
 .text.HTS221_TEMP_GetOutputDataRate
                0x08004c64       0x20 ./Drivers/BSP/Components/hts221/hts221.o
                0x08004c64                HTS221_TEMP_GetOutputDataRate
 .text.HTS221_TEMP_SetOutputDataRate
                0x08004c84       0x20 ./Drivers/BSP/Components/hts221/hts221.o
                0x08004c84                HTS221_TEMP_SetOutputDataRate
 .text.HTS221_TEMP_GetTemperature
                0x08004ca4      0x112 ./Drivers/BSP/Components/hts221/hts221.o
                0x08004ca4                HTS221_TEMP_GetTemperature
 *fill*         0x08004db6        0x2 
 .text.HTS221_GetOutputDataRate
                0x08004db8       0x80 ./Drivers/BSP/Components/hts221/hts221.o
 .text.HTS221_SetOutputDataRate
                0x08004e38       0x60 ./Drivers/BSP/Components/hts221/hts221.o
 .text.HTS221_Initialize
                0x08004e98       0x56 ./Drivers/BSP/Components/hts221/hts221.o
 .text.Linear_Interpolation
                0x08004eee       0x88 ./Drivers/BSP/Components/hts221/hts221.o
 .text.ReadRegWrap
                0x08004f76       0x7a ./Drivers/BSP/Components/hts221/hts221.o
 .text.WriteRegWrap
                0x08004ff0       0x7a ./Drivers/BSP/Components/hts221/hts221.o
 .text.hts221_read_reg
                0x0800506a       0x42 ./Drivers/BSP/Components/hts221/hts221_reg.o
                0x0800506a                hts221_read_reg
 .text.hts221_write_reg
                0x080050ac       0x42 ./Drivers/BSP/Components/hts221/hts221_reg.o
                0x080050ac                hts221_write_reg
 .text.hts221_data_rate_set
                0x080050ee       0x60 ./Drivers/BSP/Components/hts221/hts221_reg.o
                0x080050ee                hts221_data_rate_set
 .text.hts221_data_rate_get
                0x0800514e       0x6e ./Drivers/BSP/Components/hts221/hts221_reg.o
                0x0800514e                hts221_data_rate_get
 .text.hts221_block_data_update_set
                0x080051bc       0x60 ./Drivers/BSP/Components/hts221/hts221_reg.o
                0x080051bc                hts221_block_data_update_set
 .text.hts221_humidity_raw_get
                0x0800521c       0x24 ./Drivers/BSP/Components/hts221/hts221_reg.o
                0x0800521c                hts221_humidity_raw_get
 .text.hts221_temperature_raw_get
                0x08005240       0x24 ./Drivers/BSP/Components/hts221/hts221_reg.o
                0x08005240                hts221_temperature_raw_get
 .text.hts221_device_id_get
                0x08005264       0x24 ./Drivers/BSP/Components/hts221/hts221_reg.o
                0x08005264                hts221_device_id_get
 .text.hts221_power_on_set
                0x08005288       0x5c ./Drivers/BSP/Components/hts221/hts221_reg.o
                0x08005288                hts221_power_on_set
 .text.hts221_hum_rh_point_0_get
                0x080052e4       0x30 ./Drivers/BSP/Components/hts221/hts221_reg.o
                0x080052e4                hts221_hum_rh_point_0_get
 .text.hts221_hum_rh_point_1_get
                0x08005314       0x30 ./Drivers/BSP/Components/hts221/hts221_reg.o
                0x08005314                hts221_hum_rh_point_1_get
 .text.hts221_temp_deg_point_0_get
                0x08005344       0x62 ./Drivers/BSP/Components/hts221/hts221_reg.o
                0x08005344                hts221_temp_deg_point_0_get
 .text.hts221_temp_deg_point_1_get
                0x080053a6       0x62 ./Drivers/BSP/Components/hts221/hts221_reg.o
                0x080053a6                hts221_temp_deg_point_1_get
 .text.hts221_hum_adc_point_0_get
                0x08005408       0x24 ./Drivers/BSP/Components/hts221/hts221_reg.o
                0x08005408                hts221_hum_adc_point_0_get
 .text.hts221_hum_adc_point_1_get
                0x0800542c       0x24 ./Drivers/BSP/Components/hts221/hts221_reg.o
                0x0800542c                hts221_hum_adc_point_1_get
 .text.hts221_temp_adc_point_0_get
                0x08005450       0x24 ./Drivers/BSP/Components/hts221/hts221_reg.o
                0x08005450                hts221_temp_adc_point_0_get
 .text.hts221_temp_adc_point_1_get
                0x08005474       0x24 ./Drivers/BSP/Components/hts221/hts221_reg.o
                0x08005474                hts221_temp_adc_point_1_get
 .text.LIS2DW12_RegisterBusIO
                0x08005498       0xcc ./Drivers/BSP/Components/lis2dw12/lis2dw12.o
                0x08005498                LIS2DW12_RegisterBusIO
 .text.LIS2DW12_Init
                0x08005564       0xb8 ./Drivers/BSP/Components/lis2dw12/lis2dw12.o
                0x08005564                LIS2DW12_Init
 .text.LIS2DW12_DeInit
                0x0800561c       0x42 ./Drivers/BSP/Components/lis2dw12/lis2dw12.o
                0x0800561c                LIS2DW12_DeInit
 .text.LIS2DW12_ReadID
                0x0800565e       0x2c ./Drivers/BSP/Components/lis2dw12/lis2dw12.o
                0x0800565e                LIS2DW12_ReadID
 *fill*         0x0800568a        0x2 
 .text.LIS2DW12_GetCapabilities
                0x0800568c       0x54 ./Drivers/BSP/Components/lis2dw12/lis2dw12.o
                0x0800568c                LIS2DW12_GetCapabilities
 .text.LIS2DW12_ACC_Enable
                0x080056e0       0x48 ./Drivers/BSP/Components/lis2dw12/lis2dw12.o
                0x080056e0                LIS2DW12_ACC_Enable
 .text.LIS2DW12_ACC_Disable
                0x08005728       0x3e ./Drivers/BSP/Components/lis2dw12/lis2dw12.o
                0x08005728                LIS2DW12_ACC_Disable
 *fill*         0x08005766        0x2 
 .text.LIS2DW12_ACC_GetSensitivity
                0x08005768      0x150 ./Drivers/BSP/Components/lis2dw12/lis2dw12.o
                0x08005768                LIS2DW12_ACC_GetSensitivity
 .text.LIS2DW12_ACC_GetOutputDataRate
                0x080058b8      0x22c ./Drivers/BSP/Components/lis2dw12/lis2dw12.o
                0x080058b8                LIS2DW12_ACC_GetOutputDataRate
 .text.LIS2DW12_ACC_SetOutputDataRate
                0x08005ae4       0x20 ./Drivers/BSP/Components/lis2dw12/lis2dw12.o
                0x08005ae4                LIS2DW12_ACC_SetOutputDataRate
 .text.LIS2DW12_ACC_SetOutputDataRate_With_Mode
                0x08005b04       0x52 ./Drivers/BSP/Components/lis2dw12/lis2dw12.o
                0x08005b04                LIS2DW12_ACC_SetOutputDataRate_With_Mode
 .text.LIS2DW12_ACC_GetFullScale
                0x08005b56       0x7e ./Drivers/BSP/Components/lis2dw12/lis2dw12.o
                0x08005b56                LIS2DW12_ACC_GetFullScale
 .text.LIS2DW12_ACC_SetFullScale
                0x08005bd4       0x56 ./Drivers/BSP/Components/lis2dw12/lis2dw12.o
                0x08005bd4                LIS2DW12_ACC_SetFullScale
 *fill*         0x08005c2a        0x2 
 .text.LIS2DW12_ACC_GetAxesRaw
                0x08005c2c      0x11c ./Drivers/BSP/Components/lis2dw12/lis2dw12.o
                0x08005c2c                LIS2DW12_ACC_GetAxesRaw
 .text.LIS2DW12_ACC_GetAxes
                0x08005d48       0xbc ./Drivers/BSP/Components/lis2dw12/lis2dw12.o
                0x08005d48                LIS2DW12_ACC_GetAxes
 .text.LIS2DW12_Write_Reg
                0x08005e04       0x3e ./Drivers/BSP/Components/lis2dw12/lis2dw12.o
                0x08005e04                LIS2DW12_Write_Reg
 *fill*         0x08005e42        0x2 
 .text.LIS2DW12_ACC_SetOutputDataRate_When_Enabled
                0x08005e44      0x228 ./Drivers/BSP/Components/lis2dw12/lis2dw12.o
 .text.LIS2DW12_ACC_SetOutputDataRate_When_Disabled
                0x0800606c       0xe0 ./Drivers/BSP/Components/lis2dw12/lis2dw12.o
 .text.ReadRegWrap
                0x0800614c       0x44 ./Drivers/BSP/Components/lis2dw12/lis2dw12.o
 .text.WriteRegWrap
                0x08006190       0x44 ./Drivers/BSP/Components/lis2dw12/lis2dw12.o
 .text.lis2dw12_read_reg
                0x080061d4       0x42 ./Drivers/BSP/Components/lis2dw12/lis2dw12_reg.o
                0x080061d4                lis2dw12_read_reg
 .text.lis2dw12_write_reg
                0x08006216       0x42 ./Drivers/BSP/Components/lis2dw12/lis2dw12_reg.o
                0x08006216                lis2dw12_write_reg
 .text.lis2dw12_power_mode_set
                0x08006258       0xd8 ./Drivers/BSP/Components/lis2dw12/lis2dw12_reg.o
                0x08006258                lis2dw12_power_mode_set
 .text.lis2dw12_power_mode_get
                0x08006330      0x110 ./Drivers/BSP/Components/lis2dw12/lis2dw12_reg.o
                0x08006330                lis2dw12_power_mode_get
 .text.lis2dw12_data_rate_set
                0x08006440       0xb0 ./Drivers/BSP/Components/lis2dw12/lis2dw12_reg.o
                0x08006440                lis2dw12_data_rate_set
 .text.lis2dw12_data_rate_get
                0x080064f0       0xd0 ./Drivers/BSP/Components/lis2dw12/lis2dw12_reg.o
                0x080064f0                lis2dw12_data_rate_get
 .text.lis2dw12_block_data_update_set
                0x080065c0       0x60 ./Drivers/BSP/Components/lis2dw12/lis2dw12_reg.o
                0x080065c0                lis2dw12_block_data_update_set
 .text.lis2dw12_full_scale_set
                0x08006620       0x60 ./Drivers/BSP/Components/lis2dw12/lis2dw12_reg.o
                0x08006620                lis2dw12_full_scale_set
 .text.lis2dw12_full_scale_get
                0x08006680       0x6e ./Drivers/BSP/Components/lis2dw12/lis2dw12_reg.o
                0x08006680                lis2dw12_full_scale_get
 .text.lis2dw12_acceleration_raw_get
                0x080066ee       0x24 ./Drivers/BSP/Components/lis2dw12/lis2dw12_reg.o
                0x080066ee                lis2dw12_acceleration_raw_get
 .text.lis2dw12_device_id_get
                0x08006712       0x24 ./Drivers/BSP/Components/lis2dw12/lis2dw12_reg.o
                0x08006712                lis2dw12_device_id_get
 .text.lis2dw12_auto_increment_set
                0x08006736       0x60 ./Drivers/BSP/Components/lis2dw12/lis2dw12_reg.o
                0x08006736                lis2dw12_auto_increment_set
 .text.lis2dw12_fifo_mode_set
                0x08006796       0x5c ./Drivers/BSP/Components/lis2dw12/lis2dw12_reg.o
                0x08006796                lis2dw12_fifo_mode_set
 *fill*         0x080067f2        0x2 
 .text.LIS2MDL_RegisterBusIO
                0x080067f4       0xec ./Drivers/BSP/Components/lis2mdl/lis2mdl.o
                0x080067f4                LIS2MDL_RegisterBusIO
 .text.LIS2MDL_Init
                0x080068e0       0x72 ./Drivers/BSP/Components/lis2mdl/lis2mdl.o
                0x080068e0                LIS2MDL_Init
 .text.LIS2MDL_DeInit
                0x08006952       0x2c ./Drivers/BSP/Components/lis2mdl/lis2mdl.o
                0x08006952                LIS2MDL_DeInit
 .text.LIS2MDL_ReadID
                0x0800697e       0x2c ./Drivers/BSP/Components/lis2mdl/lis2mdl.o
                0x0800697e                LIS2MDL_ReadID
 *fill*         0x080069aa        0x2 
 .text.LIS2MDL_GetCapabilities
                0x080069ac       0x54 ./Drivers/BSP/Components/lis2mdl/lis2mdl.o
                0x080069ac                LIS2MDL_GetCapabilities
 .text.LIS2MDL_MAG_Enable
                0x08006a00       0x3e ./Drivers/BSP/Components/lis2mdl/lis2mdl.o
                0x08006a00                LIS2MDL_MAG_Enable
 .text.LIS2MDL_MAG_Disable
                0x08006a3e       0x3e ./Drivers/BSP/Components/lis2mdl/lis2mdl.o
                0x08006a3e                LIS2MDL_MAG_Disable
 .text.LIS2MDL_MAG_GetSensitivity
                0x08006a7c       0x1c ./Drivers/BSP/Components/lis2mdl/lis2mdl.o
                0x08006a7c                LIS2MDL_MAG_GetSensitivity
 .text.LIS2MDL_MAG_GetOutputDataRate
                0x08006a98       0x88 ./Drivers/BSP/Components/lis2mdl/lis2mdl.o
                0x08006a98                LIS2MDL_MAG_GetOutputDataRate
 .text.LIS2MDL_MAG_SetOutputDataRate
                0x08006b20       0x74 ./Drivers/BSP/Components/lis2mdl/lis2mdl.o
                0x08006b20                LIS2MDL_MAG_SetOutputDataRate
 .text.LIS2MDL_MAG_GetFullScale
                0x08006b94       0x1a ./Drivers/BSP/Components/lis2mdl/lis2mdl.o
                0x08006b94                LIS2MDL_MAG_GetFullScale
 .text.LIS2MDL_MAG_SetFullScale
                0x08006bae       0x14 ./Drivers/BSP/Components/lis2mdl/lis2mdl.o
                0x08006bae                LIS2MDL_MAG_SetFullScale
 .text.LIS2MDL_MAG_GetAxesRaw
                0x08006bc2       0x4e ./Drivers/BSP/Components/lis2mdl/lis2mdl.o
                0x08006bc2                LIS2MDL_MAG_GetAxesRaw
 .text.LIS2MDL_MAG_GetAxes
                0x08006c10       0xb0 ./Drivers/BSP/Components/lis2mdl/lis2mdl.o
                0x08006c10                LIS2MDL_MAG_GetAxes
 .text.LIS2MDL_Write_Reg
                0x08006cc0       0x3e ./Drivers/BSP/Components/lis2mdl/lis2mdl.o
                0x08006cc0                LIS2MDL_Write_Reg
 .text.ReadMagRegWrap
                0x08006cfe       0x7a ./Drivers/BSP/Components/lis2mdl/lis2mdl.o
 .text.WriteMagRegWrap
                0x08006d78       0x7a ./Drivers/BSP/Components/lis2mdl/lis2mdl.o
 .text.lis2mdl_read_reg
                0x08006df2       0x42 ./Drivers/BSP/Components/lis2mdl/lis2mdl_reg.o
                0x08006df2                lis2mdl_read_reg
 .text.lis2mdl_write_reg
                0x08006e34       0x42 ./Drivers/BSP/Components/lis2mdl/lis2mdl_reg.o
                0x08006e34                lis2mdl_write_reg
 .text.lis2mdl_operating_mode_set
                0x08006e76       0x60 ./Drivers/BSP/Components/lis2mdl/lis2mdl_reg.o
                0x08006e76                lis2mdl_operating_mode_set
 .text.lis2mdl_data_rate_set
                0x08006ed6       0x60 ./Drivers/BSP/Components/lis2mdl/lis2mdl_reg.o
                0x08006ed6                lis2mdl_data_rate_set
 .text.lis2mdl_data_rate_get
                0x08006f36       0x6e ./Drivers/BSP/Components/lis2mdl/lis2mdl_reg.o
                0x08006f36                lis2mdl_data_rate_get
 .text.lis2mdl_block_data_update_set
                0x08006fa4       0x60 ./Drivers/BSP/Components/lis2mdl/lis2mdl_reg.o
                0x08006fa4                lis2mdl_block_data_update_set
 .text.lis2mdl_magnetic_raw_get
                0x08007004       0x24 ./Drivers/BSP/Components/lis2mdl/lis2mdl_reg.o
                0x08007004                lis2mdl_magnetic_raw_get
 .text.lis2mdl_device_id_get
                0x08007028       0x24 ./Drivers/BSP/Components/lis2mdl/lis2mdl_reg.o
                0x08007028                lis2mdl_device_id_get
 .text.lis2mdl_self_test_set
                0x0800704c       0x60 ./Drivers/BSP/Components/lis2mdl/lis2mdl_reg.o
                0x0800704c                lis2mdl_self_test_set
 .text.lis2mdl_i2c_interface_set
                0x080070ac       0x60 ./Drivers/BSP/Components/lis2mdl/lis2mdl_reg.o
                0x080070ac                lis2mdl_i2c_interface_set
 .text.LPS22HH_RegisterBusIO
                0x0800710c       0xcc ./Drivers/BSP/Components/lps22hh/lps22hh.o
                0x0800710c                LPS22HH_RegisterBusIO
 .text.LPS22HH_Init
                0x080071d8       0x36 ./Drivers/BSP/Components/lps22hh/lps22hh.o
                0x080071d8                LPS22HH_Init
 .text.LPS22HH_DeInit
                0x0800720e       0x48 ./Drivers/BSP/Components/lps22hh/lps22hh.o
                0x0800720e                LPS22HH_DeInit
 .text.LPS22HH_ReadID
                0x08007256       0x2c ./Drivers/BSP/Components/lps22hh/lps22hh.o
                0x08007256                LPS22HH_ReadID
 *fill*         0x08007282        0x2 
 .text.LPS22HH_GetCapabilities
                0x08007284       0x44 ./Drivers/BSP/Components/lps22hh/lps22hh.o
                0x08007284                LPS22HH_GetCapabilities
 .text.LPS22HH_PRESS_Enable
                0x080072c8       0x46 ./Drivers/BSP/Components/lps22hh/lps22hh.o
                0x080072c8                LPS22HH_PRESS_Enable
 .text.LPS22HH_PRESS_Disable
                0x0800730e       0x64 ./Drivers/BSP/Components/lps22hh/lps22hh.o
                0x0800730e                LPS22HH_PRESS_Disable
 .text.LPS22HH_PRESS_GetOutputDataRate
                0x08007372       0x20 ./Drivers/BSP/Components/lps22hh/lps22hh.o
                0x08007372                LPS22HH_PRESS_GetOutputDataRate
 .text.LPS22HH_PRESS_SetOutputDataRate
                0x08007392       0x3a ./Drivers/BSP/Components/lps22hh/lps22hh.o
                0x08007392                LPS22HH_PRESS_SetOutputDataRate
 .text.LPS22HH_PRESS_GetPressure
                0x080073cc       0x48 ./Drivers/BSP/Components/lps22hh/lps22hh.o
                0x080073cc                LPS22HH_PRESS_GetPressure
 .text.LPS22HH_TEMP_Enable
                0x08007414       0x46 ./Drivers/BSP/Components/lps22hh/lps22hh.o
                0x08007414                LPS22HH_TEMP_Enable
 .text.LPS22HH_TEMP_Disable
                0x0800745a       0x64 ./Drivers/BSP/Components/lps22hh/lps22hh.o
                0x0800745a                LPS22HH_TEMP_Disable
 .text.LPS22HH_TEMP_GetOutputDataRate
                0x080074be       0x20 ./Drivers/BSP/Components/lps22hh/lps22hh.o
                0x080074be                LPS22HH_TEMP_GetOutputDataRate
 .text.LPS22HH_TEMP_SetOutputDataRate
                0x080074de       0x3a ./Drivers/BSP/Components/lps22hh/lps22hh.o
                0x080074de                LPS22HH_TEMP_SetOutputDataRate
 .text.LPS22HH_TEMP_GetTemperature
                0x08007518       0x4e ./Drivers/BSP/Components/lps22hh/lps22hh.o
                0x08007518                LPS22HH_TEMP_GetTemperature
 .text.LPS22HH_Write_Reg
                0x08007566       0x3e ./Drivers/BSP/Components/lps22hh/lps22hh.o
                0x08007566                LPS22HH_Write_Reg
 .text.LPS22HH_GetOutputDataRate
                0x080075a4       0xac ./Drivers/BSP/Components/lps22hh/lps22hh.o
 .text.LPS22HH_SetOutputDataRate_When_Enabled
                0x08007650       0xcc ./Drivers/BSP/Components/lps22hh/lps22hh.o
 .text.LPS22HH_SetOutputDataRate_When_Disabled
                0x0800771c       0x94 ./Drivers/BSP/Components/lps22hh/lps22hh.o
 .text.LPS22HH_Initialize
                0x080077b0       0x88 ./Drivers/BSP/Components/lps22hh/lps22hh.o
 .text.LPS22HH_Set_Power_Mode
                0x08007838       0x72 ./Drivers/BSP/Components/lps22hh/lps22hh.o
                0x08007838                LPS22HH_Set_Power_Mode
 .text.LPS22HH_Set_Filter_Mode
                0x080078aa       0x34 ./Drivers/BSP/Components/lps22hh/lps22hh.o
                0x080078aa                LPS22HH_Set_Filter_Mode
 .text.ReadRegWrap
                0x080078de       0x44 ./Drivers/BSP/Components/lps22hh/lps22hh.o
 .text.WriteRegWrap
                0x08007922       0x44 ./Drivers/BSP/Components/lps22hh/lps22hh.o
 .text.lps22hh_read_reg
                0x08007966       0x42 ./Drivers/BSP/Components/lps22hh/lps22hh_reg.o
                0x08007966                lps22hh_read_reg
 .text.lps22hh_write_reg
                0x080079a8       0x42 ./Drivers/BSP/Components/lps22hh/lps22hh_reg.o
                0x080079a8                lps22hh_write_reg
 .text.lps22hh_from_lsb_to_hpa
                0x080079ea       0x24 ./Drivers/BSP/Components/lps22hh/lps22hh_reg.o
                0x080079ea                lps22hh_from_lsb_to_hpa
 *fill*         0x08007a0e        0x2 
 .text.lps22hh_from_lsb_to_celsius
                0x08007a10       0x30 ./Drivers/BSP/Components/lps22hh/lps22hh_reg.o
                0x08007a10                lps22hh_from_lsb_to_celsius
 .text.lps22hh_block_data_update_set
                0x08007a40       0x60 ./Drivers/BSP/Components/lps22hh/lps22hh_reg.o
                0x08007a40                lps22hh_block_data_update_set
 .text.lps22hh_data_rate_set
                0x08007aa0       0xda ./Drivers/BSP/Components/lps22hh/lps22hh_reg.o
                0x08007aa0                lps22hh_data_rate_set
 *fill*         0x08007b7a        0x2 
 .text.lps22hh_data_rate_get
                0x08007b7c      0x10c ./Drivers/BSP/Components/lps22hh/lps22hh_reg.o
                0x08007b7c                lps22hh_data_rate_get
 .text.lps22hh_pressure_raw_get
                0x08007c88       0x24 ./Drivers/BSP/Components/lps22hh/lps22hh_reg.o
                0x08007c88                lps22hh_pressure_raw_get
 .text.lps22hh_temperature_raw_get
                0x08007cac       0x24 ./Drivers/BSP/Components/lps22hh/lps22hh_reg.o
                0x08007cac                lps22hh_temperature_raw_get
 .text.lps22hh_device_id_get
                0x08007cd0       0x24 ./Drivers/BSP/Components/lps22hh/lps22hh_reg.o
                0x08007cd0                lps22hh_device_id_get
 .text.lps22hh_auto_increment_set
                0x08007cf4       0x60 ./Drivers/BSP/Components/lps22hh/lps22hh_reg.o
                0x08007cf4                lps22hh_auto_increment_set
 .text.lps22hh_lp_bandwidth_set
                0x08007d54       0x60 ./Drivers/BSP/Components/lps22hh/lps22hh_reg.o
                0x08007d54                lps22hh_lp_bandwidth_set
 .text.lps22hh_i3c_interface_set
                0x08007db4       0x80 ./Drivers/BSP/Components/lps22hh/lps22hh_reg.o
                0x08007db4                lps22hh_i3c_interface_set
 .text.LSM6DSO_RegisterBusIO
                0x08007e34       0xcc ./Drivers/BSP/Components/lsm6dso/lsm6dso.o
                0x08007e34                LSM6DSO_RegisterBusIO
 .text.LSM6DSO_Init
                0x08007f00       0xda ./Drivers/BSP/Components/lsm6dso/lsm6dso.o
                0x08007f00                LSM6DSO_Init
 .text.LSM6DSO_DeInit
                0x08007fda       0x4e ./Drivers/BSP/Components/lsm6dso/lsm6dso.o
                0x08007fda                LSM6DSO_DeInit
 .text.LSM6DSO_ReadID
                0x08008028       0x2c ./Drivers/BSP/Components/lsm6dso/lsm6dso.o
                0x08008028                LSM6DSO_ReadID
 .text.LSM6DSO_GetCapabilities
                0x08008054       0x58 ./Drivers/BSP/Components/lsm6dso/lsm6dso.o
                0x08008054                LSM6DSO_GetCapabilities
 .text.LSM6DSO_ACC_Enable
                0x080080ac       0x46 ./Drivers/BSP/Components/lsm6dso/lsm6dso.o
                0x080080ac                LSM6DSO_ACC_Enable
 .text.LSM6DSO_ACC_Disable
                0x080080f2       0x5a ./Drivers/BSP/Components/lsm6dso/lsm6dso.o
                0x080080f2                LSM6DSO_ACC_Disable
 .text.LSM6DSO_ACC_GetSensitivity
                0x0800814c       0x88 ./Drivers/BSP/Components/lsm6dso/lsm6dso.o
                0x0800814c                LSM6DSO_ACC_GetSensitivity
 .text.LSM6DSO_ACC_GetOutputDataRate
                0x080081d4       0xe0 ./Drivers/BSP/Components/lsm6dso/lsm6dso.o
                0x080081d4                LSM6DSO_ACC_GetOutputDataRate
 .text.LSM6DSO_ACC_SetOutputDataRate
                0x080082b4       0x20 ./Drivers/BSP/Components/lsm6dso/lsm6dso.o
                0x080082b4                LSM6DSO_ACC_SetOutputDataRate
 .text.LSM6DSO_ACC_SetOutputDataRate_With_Mode
                0x080082d4      0x324 ./Drivers/BSP/Components/lsm6dso/lsm6dso.o
                0x080082d4                LSM6DSO_ACC_SetOutputDataRate_With_Mode
 .text.LSM6DSO_ACC_GetFullScale
                0x080085f8       0x76 ./Drivers/BSP/Components/lsm6dso/lsm6dso.o
                0x080085f8                LSM6DSO_ACC_GetFullScale
 .text.LSM6DSO_ACC_SetFullScale
                0x0800866e       0x56 ./Drivers/BSP/Components/lsm6dso/lsm6dso.o
                0x0800866e                LSM6DSO_ACC_SetFullScale
 .text.LSM6DSO_ACC_GetAxesRaw
                0x080086c4       0x4e ./Drivers/BSP/Components/lsm6dso/lsm6dso.o
                0x080086c4                LSM6DSO_ACC_GetAxesRaw
 .text.LSM6DSO_ACC_GetAxes
                0x08008712       0xbe ./Drivers/BSP/Components/lsm6dso/lsm6dso.o
                0x08008712                LSM6DSO_ACC_GetAxes
 .text.LSM6DSO_GYRO_Enable
                0x080087d0       0x46 ./Drivers/BSP/Components/lsm6dso/lsm6dso.o
                0x080087d0                LSM6DSO_GYRO_Enable
 .text.LSM6DSO_GYRO_Disable
                0x08008816       0x5a ./Drivers/BSP/Components/lsm6dso/lsm6dso.o
                0x08008816                LSM6DSO_GYRO_Disable
 .text.LSM6DSO_GYRO_GetSensitivity
                0x08008870       0x90 ./Drivers/BSP/Components/lsm6dso/lsm6dso.o
                0x08008870                LSM6DSO_GYRO_GetSensitivity
 .text.LSM6DSO_GYRO_GetOutputDataRate
                0x08008900       0xd4 ./Drivers/BSP/Components/lsm6dso/lsm6dso.o
                0x08008900                LSM6DSO_GYRO_GetOutputDataRate
 .text.LSM6DSO_GYRO_SetOutputDataRate
                0x080089d4       0x20 ./Drivers/BSP/Components/lsm6dso/lsm6dso.o
                0x080089d4                LSM6DSO_GYRO_SetOutputDataRate
 .text.LSM6DSO_GYRO_SetOutputDataRate_With_Mode
                0x080089f4      0x12c ./Drivers/BSP/Components/lsm6dso/lsm6dso.o
                0x080089f4                LSM6DSO_GYRO_SetOutputDataRate_With_Mode
 .text.LSM6DSO_GYRO_GetFullScale
                0x08008b20       0x80 ./Drivers/BSP/Components/lsm6dso/lsm6dso.o
                0x08008b20                LSM6DSO_GYRO_GetFullScale
 .text.LSM6DSO_GYRO_SetFullScale
                0x08008ba0       0x68 ./Drivers/BSP/Components/lsm6dso/lsm6dso.o
                0x08008ba0                LSM6DSO_GYRO_SetFullScale
 .text.LSM6DSO_GYRO_GetAxesRaw
                0x08008c08       0x4e ./Drivers/BSP/Components/lsm6dso/lsm6dso.o
                0x08008c08                LSM6DSO_GYRO_GetAxesRaw
 .text.LSM6DSO_GYRO_GetAxes
                0x08008c56       0xba ./Drivers/BSP/Components/lsm6dso/lsm6dso.o
                0x08008c56                LSM6DSO_GYRO_GetAxes
 .text.LSM6DSO_Write_Reg
                0x08008d10       0x3e ./Drivers/BSP/Components/lsm6dso/lsm6dso.o
                0x08008d10                LSM6DSO_Write_Reg
 *fill*         0x08008d4e        0x2 
 .text.LSM6DSO_ACC_SetOutputDataRate_When_Enabled
                0x08008d50      0x100 ./Drivers/BSP/Components/lsm6dso/lsm6dso.o
 .text.LSM6DSO_ACC_SetOutputDataRate_When_Disabled
                0x08008e50       0xe4 ./Drivers/BSP/Components/lsm6dso/lsm6dso.o
 .text.LSM6DSO_GYRO_SetOutputDataRate_When_Enabled
                0x08008f34       0xec ./Drivers/BSP/Components/lsm6dso/lsm6dso.o
 .text.LSM6DSO_GYRO_SetOutputDataRate_When_Disabled
                0x08009020       0xd0 ./Drivers/BSP/Components/lsm6dso/lsm6dso.o
 .text.ReadRegWrap
                0x080090f0       0x44 ./Drivers/BSP/Components/lsm6dso/lsm6dso.o
 .text.WriteRegWrap
                0x08009134       0x44 ./Drivers/BSP/Components/lsm6dso/lsm6dso.o
 .text.lsm6dso_read_reg
                0x08009178       0x42 ./Drivers/BSP/Components/lsm6dso/lsm6dso_reg.o
                0x08009178                lsm6dso_read_reg
 .text.lsm6dso_write_reg
                0x080091ba       0x42 ./Drivers/BSP/Components/lsm6dso/lsm6dso_reg.o
                0x080091ba                lsm6dso_write_reg
 .text.lsm6dso_xl_full_scale_set
                0x080091fc       0x60 ./Drivers/BSP/Components/lsm6dso/lsm6dso_reg.o
                0x080091fc                lsm6dso_xl_full_scale_set
 .text.lsm6dso_xl_full_scale_get
                0x0800925c       0x6e ./Drivers/BSP/Components/lsm6dso/lsm6dso_reg.o
                0x0800925c                lsm6dso_xl_full_scale_get
 .text.lsm6dso_xl_data_rate_set
                0x080092ca      0x296 ./Drivers/BSP/Components/lsm6dso/lsm6dso_reg.o
                0x080092ca                lsm6dso_xl_data_rate_set
 .text.lsm6dso_xl_data_rate_get
                0x08009560       0xac ./Drivers/BSP/Components/lsm6dso/lsm6dso_reg.o
                0x08009560                lsm6dso_xl_data_rate_get
 .text.lsm6dso_gy_full_scale_set
                0x0800960c       0x60 ./Drivers/BSP/Components/lsm6dso/lsm6dso_reg.o
                0x0800960c                lsm6dso_gy_full_scale_set
 .text.lsm6dso_gy_full_scale_get
                0x0800966c       0x74 ./Drivers/BSP/Components/lsm6dso/lsm6dso_reg.o
                0x0800966c                lsm6dso_gy_full_scale_get
 .text.lsm6dso_gy_data_rate_set
                0x080096e0      0x296 ./Drivers/BSP/Components/lsm6dso/lsm6dso_reg.o
                0x080096e0                lsm6dso_gy_data_rate_set
 *fill*         0x08009976        0x2 
 .text.lsm6dso_gy_data_rate_get
                0x08009978       0xa4 ./Drivers/BSP/Components/lsm6dso/lsm6dso_reg.o
                0x08009978                lsm6dso_gy_data_rate_get
 .text.lsm6dso_block_data_update_set
                0x08009a1c       0x60 ./Drivers/BSP/Components/lsm6dso/lsm6dso_reg.o
                0x08009a1c                lsm6dso_block_data_update_set
 .text.lsm6dso_angular_rate_raw_get
                0x08009a7c       0x24 ./Drivers/BSP/Components/lsm6dso/lsm6dso_reg.o
                0x08009a7c                lsm6dso_angular_rate_raw_get
 .text.lsm6dso_acceleration_raw_get
                0x08009aa0       0x24 ./Drivers/BSP/Components/lsm6dso/lsm6dso_reg.o
                0x08009aa0                lsm6dso_acceleration_raw_get
 .text.lsm6dso_mem_bank_set
                0x08009ac4       0x5c ./Drivers/BSP/Components/lsm6dso/lsm6dso_reg.o
                0x08009ac4                lsm6dso_mem_bank_set
 .text.lsm6dso_device_id_get
                0x08009b20       0x24 ./Drivers/BSP/Components/lsm6dso/lsm6dso_reg.o
                0x08009b20                lsm6dso_device_id_get
 .text.lsm6dso_auto_increment_set
                0x08009b44       0x60 ./Drivers/BSP/Components/lsm6dso/lsm6dso_reg.o
                0x08009b44                lsm6dso_auto_increment_set
 .text.lsm6dso_i3c_disable_set
                0x08009ba4       0xb6 ./Drivers/BSP/Components/lsm6dso/lsm6dso_reg.o
                0x08009ba4                lsm6dso_i3c_disable_set
 .text.lsm6dso_fifo_mode_set
                0x08009c5a       0x60 ./Drivers/BSP/Components/lsm6dso/lsm6dso_reg.o
                0x08009c5a                lsm6dso_fifo_mode_set
 .text.lsm6dso_fsm_enable_get
                0x08009cba       0x4c ./Drivers/BSP/Components/lsm6dso/lsm6dso_reg.o
                0x08009cba                lsm6dso_fsm_enable_get
 .text.lsm6dso_fsm_data_rate_get
                0x08009d06       0x98 ./Drivers/BSP/Components/lsm6dso/lsm6dso_reg.o
                0x08009d06                lsm6dso_fsm_data_rate_get
 *fill*         0x08009d9e        0x2 
 .text.STTS751_RegisterBusIO
                0x08009da0       0x90 ./Drivers/BSP/Components/stts751/stts751.o
                0x08009da0                STTS751_RegisterBusIO
 .text.STTS751_Init
                0x08009e30       0x6e ./Drivers/BSP/Components/stts751/stts751.o
                0x08009e30                STTS751_Init
 .text.STTS751_DeInit
                0x08009e9e       0x36 ./Drivers/BSP/Components/stts751/stts751.o
                0x08009e9e                STTS751_DeInit
 .text.STTS751_ReadID
                0x08009ed4       0x38 ./Drivers/BSP/Components/stts751/stts751.o
                0x08009ed4                STTS751_ReadID
 .text.STTS751_GetCapabilities
                0x08009f0c       0x40 ./Drivers/BSP/Components/stts751/stts751.o
                0x08009f0c                STTS751_GetCapabilities
 .text.STTS751_TEMP_Enable
                0x08009f4c       0x40 ./Drivers/BSP/Components/stts751/stts751.o
                0x08009f4c                STTS751_TEMP_Enable
 .text.STTS751_TEMP_Disable
                0x08009f8c       0x58 ./Drivers/BSP/Components/stts751/stts751.o
                0x08009f8c                STTS751_TEMP_Disable
 .text.STTS751_TEMP_GetOutputDataRate
                0x08009fe4       0xd0 ./Drivers/BSP/Components/stts751/stts751.o
                0x08009fe4                STTS751_TEMP_GetOutputDataRate
 .text.STTS751_TEMP_SetOutputDataRate
                0x0800a0b4      0x158 ./Drivers/BSP/Components/stts751/stts751.o
                0x0800a0b4                STTS751_TEMP_SetOutputDataRate
 .text.STTS751_TEMP_GetTemperature
                0x0800a20c       0x42 ./Drivers/BSP/Components/stts751/stts751.o
                0x0800a20c                STTS751_TEMP_GetTemperature
 .text.ReadRegWrap
                0x0800a24e       0x96 ./Drivers/BSP/Components/stts751/stts751.o
 .text.WriteRegWrap
                0x0800a2e4       0x96 ./Drivers/BSP/Components/stts751/stts751.o
 .text.stts751_read_reg
                0x0800a37a       0x42 ./Drivers/BSP/Components/stts751/stts751_reg.o
                0x0800a37a                stts751_read_reg
 .text.stts751_write_reg
                0x0800a3bc       0x42 ./Drivers/BSP/Components/stts751/stts751_reg.o
                0x0800a3bc                stts751_write_reg
 .text.stts751_from_lsb_to_celsius
                0x0800a3fe       0x2e ./Drivers/BSP/Components/stts751/stts751_reg.o
                0x0800a3fe                stts751_from_lsb_to_celsius
 .text.stts751_temp_data_rate_set
                0x0800a42c       0xde ./Drivers/BSP/Components/stts751/stts751_reg.o
                0x0800a42c                stts751_temp_data_rate_set
 *fill*         0x0800a50a        0x2 
 .text.stts751_temp_data_rate_get
                0x0800a50c       0xe8 ./Drivers/BSP/Components/stts751/stts751_reg.o
                0x0800a50c                stts751_temp_data_rate_get
 .text.stts751_resolution_set
                0x0800a5f4       0x60 ./Drivers/BSP/Components/stts751/stts751_reg.o
                0x0800a5f4                stts751_resolution_set
 .text.stts751_resolution_get
                0x0800a654       0x6e ./Drivers/BSP/Components/stts751/stts751_reg.o
                0x0800a654                stts751_resolution_get
 .text.stts751_temperature_raw_get
                0x0800a6c2       0x5e ./Drivers/BSP/Components/stts751/stts751_reg.o
                0x0800a6c2                stts751_temperature_raw_get
 .text.stts751_pin_event_route_set
                0x0800a720       0x5c ./Drivers/BSP/Components/stts751/stts751_reg.o
                0x0800a720                stts751_pin_event_route_set
 .text.stts751_device_id_get
                0x0800a77c       0x54 ./Drivers/BSP/Components/stts751/stts751_reg.o
                0x0800a77c                stts751_device_id_get
 .text.IKS01A3_ENV_SENSOR_Init
                0x0800a7d0      0x218 ./Drivers/BSP/IKS01A3/iks01a3_env_sensors.o
                0x0800a7d0                IKS01A3_ENV_SENSOR_Init
 .text.IKS01A3_ENV_SENSOR_GetCapabilities
                0x0800a9e8       0x54 ./Drivers/BSP/IKS01A3/iks01a3_env_sensors.o
                0x0800a9e8                IKS01A3_ENV_SENSOR_GetCapabilities
 .text.HTS221_0_Probe
                0x0800aa3c      0x18c ./Drivers/BSP/IKS01A3/iks01a3_env_sensors.o
 .text.LPS22HH_0_Probe
                0x0800abc8      0x190 ./Drivers/BSP/IKS01A3/iks01a3_env_sensors.o
 .text.STTS751_0_Probe
                0x0800ad58      0x15c ./Drivers/BSP/IKS01A3/iks01a3_env_sensors.o
 .text.IKS01A3_MOTION_SENSOR_Init
                0x0800aeb4      0x218 ./Drivers/BSP/IKS01A3/iks01a3_motion_sensors.o
                0x0800aeb4                IKS01A3_MOTION_SENSOR_Init
 .text.IKS01A3_MOTION_SENSOR_GetCapabilities
                0x0800b0cc       0x54 ./Drivers/BSP/IKS01A3/iks01a3_motion_sensors.o
                0x0800b0cc                IKS01A3_MOTION_SENSOR_GetCapabilities
 .text.LSM6DSO_0_Probe
                0x0800b120      0x18c ./Drivers/BSP/IKS01A3/iks01a3_motion_sensors.o
 .text.LIS2DW12_0_Probe
                0x0800b2ac      0x15c ./Drivers/BSP/IKS01A3/iks01a3_motion_sensors.o
 .text.LIS2MDL_0_Probe
                0x0800b408      0x15c ./Drivers/BSP/IKS01A3/iks01a3_motion_sensors.o
 .text.BSP_LED_Init
                0x0800b564       0x28 ./Drivers/BSP/STM32L0xx_Nucleo/stm32l0xx_nucleo.o
                0x0800b564                BSP_LED_Init
 .text.LED_USER_GPIO_Init
                0x0800b58c       0x88 ./Drivers/BSP/STM32L0xx_Nucleo/stm32l0xx_nucleo.o
 .text.BSP_PB_Init
                0x0800b614       0xb4 ./Drivers/BSP/STM32L0xx_Nucleo/stm32l0xx_nucleo.o
                0x0800b614                BSP_PB_Init
 .text.BSP_PB_GetState
                0x0800b6c8       0x38 ./Drivers/BSP/STM32L0xx_Nucleo/stm32l0xx_nucleo.o
                0x0800b6c8                BSP_PB_GetState
 .text.BUTTON_USER_EXTI_Callback
                0x0800b700       0x10 ./Drivers/BSP/STM32L0xx_Nucleo/stm32l0xx_nucleo.o
 .text.BUTTON_USER_GPIO_Init
                0x0800b710       0x78 ./Drivers/BSP/STM32L0xx_Nucleo/stm32l0xx_nucleo.o
 .text.BSP_COM_Init
                0x0800b788       0x84 ./Drivers/BSP/STM32L0xx_Nucleo/stm32l0xx_nucleo.o
                0x0800b788                BSP_COM_Init
 .text.MX_USART2_UART_Init
                0x0800b80c       0x74 ./Drivers/BSP/STM32L0xx_Nucleo/stm32l0xx_nucleo.o
                0x0800b80c                MX_USART2_UART_Init
 .text.__io_putchar
                0x0800b880       0x38 ./Drivers/BSP/STM32L0xx_Nucleo/stm32l0xx_nucleo.o
                0x0800b880                __io_putchar
 .text.USART2_MspInit
                0x0800b8b8       0x98 ./Drivers/BSP/STM32L0xx_Nucleo/stm32l0xx_nucleo.o
 .text.HAL_Init
                0x0800b950       0x40 ./Drivers/STM32L0xx_HAL_Driver/Src/stm32l0xx_hal.o
                0x0800b950                HAL_Init
 .text.HAL_InitTick
                0x0800b990       0x68 ./Drivers/STM32L0xx_HAL_Driver/Src/stm32l0xx_hal.o
                0x0800b990                HAL_InitTick
 .text.HAL_IncTick
                0x0800b9f8       0x24 ./Drivers/STM32L0xx_HAL_Driver/Src/stm32l0xx_hal.o
                0x0800b9f8                HAL_IncTick
 .text.HAL_GetTick
                0x0800ba1c       0x14 ./Drivers/STM32L0xx_HAL_Driver/Src/stm32l0xx_hal.o
                0x0800ba1c                HAL_GetTick
 .text.HAL_ADC_Init
                0x0800ba30      0x2e8 ./Drivers/STM32L0xx_HAL_Driver/Src/stm32l0xx_hal_adc.o
                0x0800ba30                HAL_ADC_Init
 .text.HAL_ADC_ConfigChannel
                0x0800bd18      0x140 ./Drivers/STM32L0xx_HAL_Driver/Src/stm32l0xx_hal_adc.o
                0x0800bd18                HAL_ADC_ConfigChannel
 .text.ADC_DelayMicroSecond
                0x0800be58       0x40 ./Drivers/STM32L0xx_HAL_Driver/Src/stm32l0xx_hal_adc.o
 .text.__NVIC_EnableIRQ
                0x0800be98       0x34 ./Drivers/STM32L0xx_HAL_Driver/Src/stm32l0xx_hal_cortex.o
 .text.__NVIC_SetPriority
                0x0800becc       0xdc ./Drivers/STM32L0xx_HAL_Driver/Src/stm32l0xx_hal_cortex.o
 .text.SysTick_Config
                0x0800bfa8       0x48 ./Drivers/STM32L0xx_HAL_Driver/Src/stm32l0xx_hal_cortex.o
 .text.HAL_NVIC_SetPriority
                0x0800bff0       0x2a ./Drivers/STM32L0xx_HAL_Driver/Src/stm32l0xx_hal_cortex.o
                0x0800bff0                HAL_NVIC_SetPriority
 .text.HAL_NVIC_EnableIRQ
                0x0800c01a       0x20 ./Drivers/STM32L0xx_HAL_Driver/Src/stm32l0xx_hal_cortex.o
                0x0800c01a                HAL_NVIC_EnableIRQ
 .text.HAL_SYSTICK_Config
                0x0800c03a       0x1a ./Drivers/STM32L0xx_HAL_Driver/Src/stm32l0xx_hal_cortex.o
                0x0800c03a                HAL_SYSTICK_Config
 .text.HAL_DAC_Init
                0x0800c054       0x46 ./Drivers/STM32L0xx_HAL_Driver/Src/stm32l0xx_hal_dac.o
                0x0800c054                HAL_DAC_Init
 *fill*         0x0800c09a        0x2 
 .text.HAL_DAC_ConfigChannel
                0x0800c09c       0x98 ./Drivers/STM32L0xx_HAL_Driver/Src/stm32l0xx_hal_dac.o
                0x0800c09c                HAL_DAC_ConfigChannel
 .text.HAL_DMA_Abort
                0x0800c134       0x80 ./Drivers/STM32L0xx_HAL_Driver/Src/stm32l0xx_hal_dma.o
                0x0800c134                HAL_DMA_Abort
 .text.HAL_DMA_Abort_IT
                0x0800c1b4       0x8e ./Drivers/STM32L0xx_HAL_Driver/Src/stm32l0xx_hal_dma.o
                0x0800c1b4                HAL_DMA_Abort_IT
 .text.HAL_EXTI_RegisterCallback
                0x0800c242       0x42 ./Drivers/STM32L0xx_HAL_Driver/Src/stm32l0xx_hal_exti.o
                0x0800c242                HAL_EXTI_RegisterCallback
 .text.HAL_EXTI_GetHandle
                0x0800c284       0x24 ./Drivers/STM32L0xx_HAL_Driver/Src/stm32l0xx_hal_exti.o
                0x0800c284                HAL_EXTI_GetHandle
 .text.HAL_EXTI_IRQHandler
                0x0800c2a8       0x48 ./Drivers/STM32L0xx_HAL_Driver/Src/stm32l0xx_hal_exti.o
                0x0800c2a8                HAL_EXTI_IRQHandler
 .text.HAL_FLASH_Program
                0x0800c2f0       0x78 ./Drivers/STM32L0xx_HAL_Driver/Src/stm32l0xx_hal_flash.o
                0x0800c2f0                HAL_FLASH_Program
 .text.HAL_FLASH_Unlock
                0x0800c368       0xa8 ./Drivers/STM32L0xx_HAL_Driver/Src/stm32l0xx_hal_flash.o
                0x0800c368                HAL_FLASH_Unlock
 .text.HAL_FLASH_Lock
                0x0800c410       0x28 ./Drivers/STM32L0xx_HAL_Driver/Src/stm32l0xx_hal_flash.o
                0x0800c410                HAL_FLASH_Lock
 .text.FLASH_WaitForLastOperation
                0x0800c438       0xe4 ./Drivers/STM32L0xx_HAL_Driver/Src/stm32l0xx_hal_flash.o
                0x0800c438                FLASH_WaitForLastOperation
 .text.FLASH_SetErrorCode
                0x0800c51c      0x138 ./Drivers/STM32L0xx_HAL_Driver/Src/stm32l0xx_hal_flash.o
 .text.HAL_FLASHEx_Erase
                0x0800c654       0xcc ./Drivers/STM32L0xx_HAL_Driver/Src/stm32l0xx_hal_flash_ex.o
                0x0800c654                HAL_FLASHEx_Erase
 .text.FLASH_PageErase
                0x0800c720       0x44 ./Drivers/STM32L0xx_HAL_Driver/Src/stm32l0xx_hal_flash_ex.o
                0x0800c720                FLASH_PageErase
 .text.HAL_GPIO_Init
                0x0800c764      0x2fc ./Drivers/STM32L0xx_HAL_Driver/Src/stm32l0xx_hal_gpio.o
                0x0800c764                HAL_GPIO_Init
 .text.HAL_GPIO_DeInit
                0x0800ca60      0x1c4 ./Drivers/STM32L0xx_HAL_Driver/Src/stm32l0xx_hal_gpio.o
                0x0800ca60                HAL_GPIO_DeInit
 .text.HAL_GPIO_ReadPin
                0x0800cc24       0x3a ./Drivers/STM32L0xx_HAL_Driver/Src/stm32l0xx_hal_gpio.o
                0x0800cc24                HAL_GPIO_ReadPin
 .text.HAL_GPIO_WritePin
                0x0800cc5e       0x3a ./Drivers/STM32L0xx_HAL_Driver/Src/stm32l0xx_hal_gpio.o
                0x0800cc5e                HAL_GPIO_WritePin
 .text.HAL_GPIO_EXTI_IRQHandler
                0x0800cc98       0x38 ./Drivers/STM32L0xx_HAL_Driver/Src/stm32l0xx_hal_gpio.o
                0x0800cc98                HAL_GPIO_EXTI_IRQHandler
 .text.HAL_GPIO_EXTI_Callback
                0x0800ccd0       0x14 ./Drivers/STM32L0xx_HAL_Driver/Src/stm32l0xx_hal_gpio.o
                0x0800ccd0                HAL_GPIO_EXTI_Callback
 .text.HAL_I2C_Init
                0x0800cce4      0x12c ./Drivers/STM32L0xx_HAL_Driver/Src/stm32l0xx_hal_i2c.o
                0x0800cce4                HAL_I2C_Init
 .text.HAL_I2C_DeInit
                0x0800ce10       0x60 ./Drivers/STM32L0xx_HAL_Driver/Src/stm32l0xx_hal_i2c.o
                0x0800ce10                HAL_I2C_DeInit
 .text.HAL_I2C_MspInit
                0x0800ce70       0x10 ./Drivers/STM32L0xx_HAL_Driver/Src/stm32l0xx_hal_i2c.o
                0x0800ce70                HAL_I2C_MspInit
 .text.HAL_I2C_MspDeInit
                0x0800ce80       0x10 ./Drivers/STM32L0xx_HAL_Driver/Src/stm32l0xx_hal_i2c.o
                0x0800ce80                HAL_I2C_MspDeInit
 .text.HAL_I2C_Mem_Write
                0x0800ce90      0x25c ./Drivers/STM32L0xx_HAL_Driver/Src/stm32l0xx_hal_i2c.o
                0x0800ce90                HAL_I2C_Mem_Write
 .text.HAL_I2C_Mem_Read
                0x0800d0ec      0x268 ./Drivers/STM32L0xx_HAL_Driver/Src/stm32l0xx_hal_i2c.o
                0x0800d0ec                HAL_I2C_Mem_Read
 .text.HAL_I2C_GetState
                0x0800d354       0x18 ./Drivers/STM32L0xx_HAL_Driver/Src/stm32l0xx_hal_i2c.o
                0x0800d354                HAL_I2C_GetState
 .text.HAL_I2C_GetError
                0x0800d36c       0x14 ./Drivers/STM32L0xx_HAL_Driver/Src/stm32l0xx_hal_i2c.o
                0x0800d36c                HAL_I2C_GetError
 .text.I2C_RequestMemoryWrite
                0x0800d380       0xc8 ./Drivers/STM32L0xx_HAL_Driver/Src/stm32l0xx_hal_i2c.o
 .text.I2C_RequestMemoryRead
                0x0800d448       0xc4 ./Drivers/STM32L0xx_HAL_Driver/Src/stm32l0xx_hal_i2c.o
 .text.I2C_Flush_TXDR
                0x0800d50c       0x44 ./Drivers/STM32L0xx_HAL_Driver/Src/stm32l0xx_hal_i2c.o
 .text.I2C_WaitOnFlagUntilTimeout
                0x0800d550       0x9c ./Drivers/STM32L0xx_HAL_Driver/Src/stm32l0xx_hal_i2c.o
 .text.I2C_WaitOnTXISFlagUntilTimeout
                0x0800d5ec       0x8c ./Drivers/STM32L0xx_HAL_Driver/Src/stm32l0xx_hal_i2c.o
 .text.I2C_WaitOnSTOPFlagUntilTimeout
                0x0800d678       0x86 ./Drivers/STM32L0xx_HAL_Driver/Src/stm32l0xx_hal_i2c.o
 *fill*         0x0800d6fe        0x2 
 .text.I2C_IsErrorOccurred
                0x0800d700      0x1f0 ./Drivers/STM32L0xx_HAL_Driver/Src/stm32l0xx_hal_i2c.o
 .text.I2C_TransferConfig
                0x0800d8f0       0x74 ./Drivers/STM32L0xx_HAL_Driver/Src/stm32l0xx_hal_i2c.o
 .text.HAL_I2CEx_ConfigAnalogFilter
                0x0800d964       0x98 ./Drivers/STM32L0xx_HAL_Driver/Src/stm32l0xx_hal_i2c_ex.o
                0x0800d964                HAL_I2CEx_ConfigAnalogFilter
 .text.HAL_I2CEx_ConfigDigitalFilter
                0x0800d9fc       0x98 ./Drivers/STM32L0xx_HAL_Driver/Src/stm32l0xx_hal_i2c_ex.o
                0x0800d9fc                HAL_I2CEx_ConfigDigitalFilter
 .text.HAL_RCC_OscConfig
                0x0800da94      0x7a8 ./Drivers/STM32L0xx_HAL_Driver/Src/stm32l0xx_hal_rcc.o
                0x0800da94                HAL_RCC_OscConfig
 .text.HAL_RCC_ClockConfig
                0x0800e23c      0x290 ./Drivers/STM32L0xx_HAL_Driver/Src/stm32l0xx_hal_rcc.o
                0x0800e23c                HAL_RCC_ClockConfig
 .text.HAL_RCC_GetSysClockFreq
                0x0800e4cc      0x14c ./Drivers/STM32L0xx_HAL_Driver/Src/stm32l0xx_hal_rcc.o
                0x0800e4cc                HAL_RCC_GetSysClockFreq
 .text.HAL_RCC_GetHCLKFreq
                0x0800e618       0x14 ./Drivers/STM32L0xx_HAL_Driver/Src/stm32l0xx_hal_rcc.o
                0x0800e618                HAL_RCC_GetHCLKFreq
 .text.HAL_RCC_GetPCLK1Freq
                0x0800e62c       0x2c ./Drivers/STM32L0xx_HAL_Driver/Src/stm32l0xx_hal_rcc.o
                0x0800e62c                HAL_RCC_GetPCLK1Freq
 .text.HAL_RCC_GetPCLK2Freq
                0x0800e658       0x2c ./Drivers/STM32L0xx_HAL_Driver/Src/stm32l0xx_hal_rcc.o
                0x0800e658                HAL_RCC_GetPCLK2Freq
 .text.HAL_RCCEx_PeriphCLKConfig
                0x0800e684      0x33c ./Drivers/STM32L0xx_HAL_Driver/Src/stm32l0xx_hal_rcc_ex.o
                0x0800e684                HAL_RCCEx_PeriphCLKConfig
 .text.HAL_TIM_Base_Init
                0x0800e9c0       0x80 ./Drivers/STM32L0xx_HAL_Driver/Src/stm32l0xx_hal_tim.o
                0x0800e9c0                HAL_TIM_Base_Init
 .text.HAL_TIM_Base_Start_IT
                0x0800ea40       0xa4 ./Drivers/STM32L0xx_HAL_Driver/Src/stm32l0xx_hal_tim.o
                0x0800ea40                HAL_TIM_Base_Start_IT
 .text.HAL_TIM_Base_Stop_IT
                0x0800eae4       0x4c ./Drivers/STM32L0xx_HAL_Driver/Src/stm32l0xx_hal_tim.o
                0x0800eae4                HAL_TIM_Base_Stop_IT
 .text.HAL_TIM_IRQHandler
                0x0800eb30      0x1d0 ./Drivers/STM32L0xx_HAL_Driver/Src/stm32l0xx_hal_tim.o
                0x0800eb30                HAL_TIM_IRQHandler
 .text.HAL_TIM_ConfigClockSource
                0x0800ed00      0x1a8 ./Drivers/STM32L0xx_HAL_Driver/Src/stm32l0xx_hal_tim.o
                0x0800ed00                HAL_TIM_ConfigClockSource
 .text.HAL_TIM_PeriodElapsedCallback
                0x0800eea8       0x10 ./Drivers/STM32L0xx_HAL_Driver/Src/stm32l0xx_hal_tim.o
                0x0800eea8                HAL_TIM_PeriodElapsedCallback
 .text.HAL_TIM_OC_DelayElapsedCallback
                0x0800eeb8       0x10 ./Drivers/STM32L0xx_HAL_Driver/Src/stm32l0xx_hal_tim.o
                0x0800eeb8                HAL_TIM_OC_DelayElapsedCallback
 .text.HAL_TIM_IC_CaptureCallback
                0x0800eec8       0x10 ./Drivers/STM32L0xx_HAL_Driver/Src/stm32l0xx_hal_tim.o
                0x0800eec8                HAL_TIM_IC_CaptureCallback
 .text.HAL_TIM_PWM_PulseFinishedCallback
                0x0800eed8       0x10 ./Drivers/STM32L0xx_HAL_Driver/Src/stm32l0xx_hal_tim.o
                0x0800eed8                HAL_TIM_PWM_PulseFinishedCallback
 .text.HAL_TIM_TriggerCallback
                0x0800eee8       0x10 ./Drivers/STM32L0xx_HAL_Driver/Src/stm32l0xx_hal_tim.o
                0x0800eee8                HAL_TIM_TriggerCallback
 .text.TIM_Base_SetConfig
                0x0800eef8       0xbc ./Drivers/STM32L0xx_HAL_Driver/Src/stm32l0xx_hal_tim.o
 .text.TIM_TI1_ConfigInputStage
                0x0800efb4       0x5c ./Drivers/STM32L0xx_HAL_Driver/Src/stm32l0xx_hal_tim.o
 .text.TIM_TI2_ConfigInputStage
                0x0800f010       0x64 ./Drivers/STM32L0xx_HAL_Driver/Src/stm32l0xx_hal_tim.o
 .text.TIM_ITRx_SetConfig
                0x0800f074       0x32 ./Drivers/STM32L0xx_HAL_Driver/Src/stm32l0xx_hal_tim.o
 *fill*         0x0800f0a6        0x2 
 .text.TIM_ETR_SetConfig
                0x0800f0a8       0x40 ./Drivers/STM32L0xx_HAL_Driver/Src/stm32l0xx_hal_tim.o
 .text.HAL_TIMEx_MasterConfigSynchronization
                0x0800f0e8       0xbc ./Drivers/STM32L0xx_HAL_Driver/Src/stm32l0xx_hal_tim_ex.o
                0x0800f0e8                HAL_TIMEx_MasterConfigSynchronization
 .text.HAL_UART_Init
                0x0800f1a4       0xa8 ./Drivers/STM32L0xx_HAL_Driver/Src/stm32l0xx_hal_uart.o
                0x0800f1a4                HAL_UART_Init
 .text.HAL_UART_MspInit
                0x0800f24c       0x10 ./Drivers/STM32L0xx_HAL_Driver/Src/stm32l0xx_hal_uart.o
                0x0800f24c                HAL_UART_MspInit
 .text.HAL_UART_Transmit
                0x0800f25c      0x13e ./Drivers/STM32L0xx_HAL_Driver/Src/stm32l0xx_hal_uart.o
                0x0800f25c                HAL_UART_Transmit
 *fill*         0x0800f39a        0x2 
 .text.HAL_UART_Transmit_IT
                0x0800f39c       0xe0 ./Drivers/STM32L0xx_HAL_Driver/Src/stm32l0xx_hal_uart.o
                0x0800f39c                HAL_UART_Transmit_IT
 .text.HAL_UART_Receive_IT
                0x0800f47c       0xbc ./Drivers/STM32L0xx_HAL_Driver/Src/stm32l0xx_hal_uart.o
                0x0800f47c                HAL_UART_Receive_IT
 .text.HAL_UART_IRQHandler
                0x0800f538      0x5c4 ./Drivers/STM32L0xx_HAL_Driver/Src/stm32l0xx_hal_uart.o
                0x0800f538                HAL_UART_IRQHandler
 .text.HAL_UART_TxCpltCallback
                0x0800fafc       0x10 ./Drivers/STM32L0xx_HAL_Driver/Src/stm32l0xx_hal_uart.o
                0x0800fafc                HAL_UART_TxCpltCallback
 .text.HAL_UART_RxCpltCallback
                0x0800fb0c       0x10 ./Drivers/STM32L0xx_HAL_Driver/Src/stm32l0xx_hal_uart.o
                0x0800fb0c                HAL_UART_RxCpltCallback
 .text.HAL_UART_ErrorCallback
                0x0800fb1c       0x10 ./Drivers/STM32L0xx_HAL_Driver/Src/stm32l0xx_hal_uart.o
                0x0800fb1c                HAL_UART_ErrorCallback
 .text.HAL_UARTEx_RxEventCallback
                0x0800fb2c       0x16 ./Drivers/STM32L0xx_HAL_Driver/Src/stm32l0xx_hal_uart.o
                0x0800fb2c                HAL_UARTEx_RxEventCallback
 .text.HAL_UART_GetState
                0x0800fb42       0x24 ./Drivers/STM32L0xx_HAL_Driver/Src/stm32l0xx_hal_uart.o
                0x0800fb42                HAL_UART_GetState
 *fill*         0x0800fb66        0x2 
 .text.UART_SetConfig
                0x0800fb68      0x53c ./Drivers/STM32L0xx_HAL_Driver/Src/stm32l0xx_hal_uart.o
                0x0800fb68                UART_SetConfig
 .text.UART_AdvFeatureConfig
                0x080100a4      0x168 ./Drivers/STM32L0xx_HAL_Driver/Src/stm32l0xx_hal_uart.o
                0x080100a4                UART_AdvFeatureConfig
 .text.UART_CheckIdleState
                0x0801020c      0x150 ./Drivers/STM32L0xx_HAL_Driver/Src/stm32l0xx_hal_uart.o
                0x0801020c                UART_CheckIdleState
 .text.UART_WaitOnFlagUntilTimeout
                0x0801035c       0xd2 ./Drivers/STM32L0xx_HAL_Driver/Src/stm32l0xx_hal_uart.o
                0x0801035c                UART_WaitOnFlagUntilTimeout
 *fill*         0x0801042e        0x2 
 .text.UART_Start_Receive_IT
                0x08010430      0x194 ./Drivers/STM32L0xx_HAL_Driver/Src/stm32l0xx_hal_uart.o
                0x08010430                UART_Start_Receive_IT
 .text.UART_EndRxTransfer
                0x080105c4       0xc8 ./Drivers/STM32L0xx_HAL_Driver/Src/stm32l0xx_hal_uart.o
 .text.UART_DMAAbortOnError
                0x0801068c       0x2e ./Drivers/STM32L0xx_HAL_Driver/Src/stm32l0xx_hal_uart.o
 .text.UART_TxISR_8BIT
                0x080106ba       0xb2 ./Drivers/STM32L0xx_HAL_Driver/Src/stm32l0xx_hal_uart.o
 .text.UART_TxISR_16BIT
                0x0801076c       0xbc ./Drivers/STM32L0xx_HAL_Driver/Src/stm32l0xx_hal_uart.o
 .text.UART_EndTransmit_IT
                0x08010828       0x56 ./Drivers/STM32L0xx_HAL_Driver/Src/stm32l0xx_hal_uart.o
 *fill*         0x0801087e        0x2 
 .text.UART_RxISR_8BIT
                0x08010880      0x1c4 ./Drivers/STM32L0xx_HAL_Driver/Src/stm32l0xx_hal_uart.o
 .text.UART_RxISR_16BIT
                0x08010a44      0x1c4 ./Drivers/STM32L0xx_HAL_Driver/Src/stm32l0xx_hal_uart.o
 .text.HAL_UARTEx_WakeupCallback
                0x08010c08       0x10 ./Drivers/STM32L0xx_HAL_Driver/Src/stm32l0xx_hal_uart_ex.o
                0x08010c08                HAL_UARTEx_WakeupCallback
 .text.MX_MEMS_Init
                0x08010c18        0xe ./MEMS/App/app_mems.o
                0x08010c18                MX_MEMS_Init
 *fill*         0x08010c26        0x2 
 .text.MX_IKS01A3_DataLogTerminal_Init
                0x08010c28      0x38c ./MEMS/App/app_mems.o
 .text.floatToInt
                0x08010fb4       0xf4 ./MEMS/App/app_mems.o
 .text.std      0x080110a8       0x6c C:/ST/STM32CubeIDE_1.16.1/STM32CubeIDE/plugins/com.st.stm32cube.ide.mcu.externaltools.gnu-tools-for-stm32.12.3.rel1.win32_1.0.200.202406191623/tools/bin/../lib/gcc/arm-none-eabi/12.3.1/../../../../arm-none-eabi/lib/thumb/v6-m/nofp\libc_nano.a(libc_a-findfp.o)
 .text.stdio_exit_handler
                0x08011114       0x1c C:/ST/STM32CubeIDE_1.16.1/STM32CubeIDE/plugins/com.st.stm32cube.ide.mcu.externaltools.gnu-tools-for-stm32.12.3.rel1.win32_1.0.200.202406191623/tools/bin/../lib/gcc/arm-none-eabi/12.3.1/../../../../arm-none-eabi/lib/thumb/v6-m/nofp\libc_nano.a(libc_a-findfp.o)
 .text.cleanup_stdio
                0x08011130       0x3c C:/ST/STM32CubeIDE_1.16.1/STM32CubeIDE/plugins/com.st.stm32cube.ide.mcu.externaltools.gnu-tools-for-stm32.12.3.rel1.win32_1.0.200.202406191623/tools/bin/../lib/gcc/arm-none-eabi/12.3.1/../../../../arm-none-eabi/lib/thumb/v6-m/nofp\libc_nano.a(libc_a-findfp.o)
 .text.global_stdio_init.part.0
                0x0801116c       0x3c C:/ST/STM32CubeIDE_1.16.1/STM32CubeIDE/plugins/com.st.stm32cube.ide.mcu.externaltools.gnu-tools-for-stm32.12.3.rel1.win32_1.0.200.202406191623/tools/bin/../lib/gcc/arm-none-eabi/12.3.1/../../../../arm-none-eabi/lib/thumb/v6-m/nofp\libc_nano.a(libc_a-findfp.o)
 .text.__sfp_lock_acquire
                0x080111a8       0x10 C:/ST/STM32CubeIDE_1.16.1/STM32CubeIDE/plugins/com.st.stm32cube.ide.mcu.externaltools.gnu-tools-for-stm32.12.3.rel1.win32_1.0.200.202406191623/tools/bin/../lib/gcc/arm-none-eabi/12.3.1/../../../../arm-none-eabi/lib/thumb/v6-m/nofp\libc_nano.a(libc_a-findfp.o)
                0x080111a8                __sfp_lock_acquire
 .text.__sfp_lock_release
                0x080111b8       0x10 C:/ST/STM32CubeIDE_1.16.1/STM32CubeIDE/plugins/com.st.stm32cube.ide.mcu.externaltools.gnu-tools-for-stm32.12.3.rel1.win32_1.0.200.202406191623/tools/bin/../lib/gcc/arm-none-eabi/12.3.1/../../../../arm-none-eabi/lib/thumb/v6-m/nofp\libc_nano.a(libc_a-findfp.o)
                0x080111b8                __sfp_lock_release
 .text.__sinit  0x080111c8       0x30 C:/ST/STM32CubeIDE_1.16.1/STM32CubeIDE/plugins/com.st.stm32cube.ide.mcu.externaltools.gnu-tools-for-stm32.12.3.rel1.win32_1.0.200.202406191623/tools/bin/../lib/gcc/arm-none-eabi/12.3.1/../../../../arm-none-eabi/lib/thumb/v6-m/nofp\libc_nano.a(libc_a-findfp.o)
                0x080111c8                __sinit
 .text._fwalk_sglue
                0x080111f8       0x38 C:/ST/STM32CubeIDE_1.16.1/STM32CubeIDE/plugins/com.st.stm32cube.ide.mcu.externaltools.gnu-tools-for-stm32.12.3.rel1.win32_1.0.200.202406191623/tools/bin/../lib/gcc/arm-none-eabi/12.3.1/../../../../arm-none-eabi/lib/thumb/v6-m/nofp\libc_nano.a(libc_a-fwalk.o)
                0x080111f8                _fwalk_sglue
 .text.printf   0x08011230       0x20 C:/ST/STM32CubeIDE_1.16.1/STM32CubeIDE/plugins/com.st.stm32cube.ide.mcu.externaltools.gnu-tools-for-stm32.12.3.rel1.win32_1.0.200.202406191623/tools/bin/../lib/gcc/arm-none-eabi/12.3.1/../../../../arm-none-eabi/lib/thumb/v6-m/nofp\libc_nano.a(libc_a-printf.o)
                0x08011230                iprintf
                0x08011230                printf
 .text._puts_r  0x08011250       0xac C:/ST/STM32CubeIDE_1.16.1/STM32CubeIDE/plugins/com.st.stm32cube.ide.mcu.externaltools.gnu-tools-for-stm32.12.3.rel1.win32_1.0.200.202406191623/tools/bin/../lib/gcc/arm-none-eabi/12.3.1/../../../../arm-none-eabi/lib/thumb/v6-m/nofp\libc_nano.a(libc_a-puts.o)
                0x08011250                _puts_r
 .text.puts     0x080112fc       0x14 C:/ST/STM32CubeIDE_1.16.1/STM32CubeIDE/plugins/com.st.stm32cube.ide.mcu.externaltools.gnu-tools-for-stm32.12.3.rel1.win32_1.0.200.202406191623/tools/bin/../lib/gcc/arm-none-eabi/12.3.1/../../../../arm-none-eabi/lib/thumb/v6-m/nofp\libc_nano.a(libc_a-puts.o)
                0x080112fc                puts
 .text.scanf    0x08011310       0x20 C:/ST/STM32CubeIDE_1.16.1/STM32CubeIDE/plugins/com.st.stm32cube.ide.mcu.externaltools.gnu-tools-for-stm32.12.3.rel1.win32_1.0.200.202406191623/tools/bin/../lib/gcc/arm-none-eabi/12.3.1/../../../../arm-none-eabi/lib/thumb/v6-m/nofp\libc_nano.a(libc_a-scanf.o)
                0x08011310                scanf
                0x08011310                iscanf
 .text.setvbuf  0x08011330      0x16c C:/ST/STM32CubeIDE_1.16.1/STM32CubeIDE/plugins/com.st.stm32cube.ide.mcu.externaltools.gnu-tools-for-stm32.12.3.rel1.win32_1.0.200.202406191623/tools/bin/../lib/gcc/arm-none-eabi/12.3.1/../../../../arm-none-eabi/lib/thumb/v6-m/nofp\libc_nano.a(libc_a-setvbuf.o)
                0x08011330                setvbuf
 .text.snprintf
                0x0801149c       0x68 C:/ST/STM32CubeIDE_1.16.1/STM32CubeIDE/plugins/com.st.stm32cube.ide.mcu.externaltools.gnu-tools-for-stm32.12.3.rel1.win32_1.0.200.202406191623/tools/bin/../lib/gcc/arm-none-eabi/12.3.1/../../../../arm-none-eabi/lib/thumb/v6-m/nofp\libc_nano.a(libc_a-snprintf.o)
                0x0801149c                sniprintf
                0x0801149c                snprintf
 .text.sprintf  0x08011504       0x40 C:/ST/STM32CubeIDE_1.16.1/STM32CubeIDE/plugins/com.st.stm32cube.ide.mcu.externaltools.gnu-tools-for-stm32.12.3.rel1.win32_1.0.200.202406191623/tools/bin/../lib/gcc/arm-none-eabi/12.3.1/../../../../arm-none-eabi/lib/thumb/v6-m/nofp\libc_nano.a(libc_a-sprintf.o)
                0x08011504                siprintf
                0x08011504                sprintf
 .text.__sread  0x08011544       0x28 C:/ST/STM32CubeIDE_1.16.1/STM32CubeIDE/plugins/com.st.stm32cube.ide.mcu.externaltools.gnu-tools-for-stm32.12.3.rel1.win32_1.0.200.202406191623/tools/bin/../lib/gcc/arm-none-eabi/12.3.1/../../../../arm-none-eabi/lib/thumb/v6-m/nofp\libc_nano.a(libc_a-stdio.o)
                0x08011544                __sread
 .text.__swrite
                0x0801156c       0x38 C:/ST/STM32CubeIDE_1.16.1/STM32CubeIDE/plugins/com.st.stm32cube.ide.mcu.externaltools.gnu-tools-for-stm32.12.3.rel1.win32_1.0.200.202406191623/tools/bin/../lib/gcc/arm-none-eabi/12.3.1/../../../../arm-none-eabi/lib/thumb/v6-m/nofp\libc_nano.a(libc_a-stdio.o)
                0x0801156c                __swrite
 .text.__sseek  0x080115a4       0x2c C:/ST/STM32CubeIDE_1.16.1/STM32CubeIDE/plugins/com.st.stm32cube.ide.mcu.externaltools.gnu-tools-for-stm32.12.3.rel1.win32_1.0.200.202406191623/tools/bin/../lib/gcc/arm-none-eabi/12.3.1/../../../../arm-none-eabi/lib/thumb/v6-m/nofp\libc_nano.a(libc_a-stdio.o)
                0x080115a4                __sseek
 .text.__sclose
                0x080115d0        0xc C:/ST/STM32CubeIDE_1.16.1/STM32CubeIDE/plugins/com.st.stm32cube.ide.mcu.externaltools.gnu-tools-for-stm32.12.3.rel1.win32_1.0.200.202406191623/tools/bin/../lib/gcc/arm-none-eabi/12.3.1/../../../../arm-none-eabi/lib/thumb/v6-m/nofp\libc_nano.a(libc_a-stdio.o)
                0x080115d0                __sclose
 .text.__swbuf_r
                0x080115dc       0x84 C:/ST/STM32CubeIDE_1.16.1/STM32CubeIDE/plugins/com.st.stm32cube.ide.mcu.externaltools.gnu-tools-for-stm32.12.3.rel1.win32_1.0.200.202406191623/tools/bin/../lib/gcc/arm-none-eabi/12.3.1/../../../../arm-none-eabi/lib/thumb/v6-m/nofp\libc_nano.a(libc_a-wbuf.o)
                0x080115dc                __swbuf_r
 .text.__swsetup_r
                0x08011660       0xbc C:/ST/STM32CubeIDE_1.16.1/STM32CubeIDE/plugins/com.st.stm32cube.ide.mcu.externaltools.gnu-tools-for-stm32.12.3.rel1.win32_1.0.200.202406191623/tools/bin/../lib/gcc/arm-none-eabi/12.3.1/../../../../arm-none-eabi/lib/thumb/v6-m/nofp\libc_nano.a(libc_a-wsetup.o)
                0x08011660                __swsetup_r
 .text.memset   0x0801171c       0x10 C:/ST/STM32CubeIDE_1.16.1/STM32CubeIDE/plugins/com.st.stm32cube.ide.mcu.externaltools.gnu-tools-for-stm32.12.3.rel1.win32_1.0.200.202406191623/tools/bin/../lib/gcc/arm-none-eabi/12.3.1/../../../../arm-none-eabi/lib/thumb/v6-m/nofp\libc_nano.a(libc_a-memset.o)
                0x0801171c                memset
 .text._close_r
                0x0801172c       0x24 C:/ST/STM32CubeIDE_1.16.1/STM32CubeIDE/plugins/com.st.stm32cube.ide.mcu.externaltools.gnu-tools-for-stm32.12.3.rel1.win32_1.0.200.202406191623/tools/bin/../lib/gcc/arm-none-eabi/12.3.1/../../../../arm-none-eabi/lib/thumb/v6-m/nofp\libc_nano.a(libc_a-closer.o)
                0x0801172c                _close_r
 .text._lseek_r
                0x08011750       0x28 C:/ST/STM32CubeIDE_1.16.1/STM32CubeIDE/plugins/com.st.stm32cube.ide.mcu.externaltools.gnu-tools-for-stm32.12.3.rel1.win32_1.0.200.202406191623/tools/bin/../lib/gcc/arm-none-eabi/12.3.1/../../../../arm-none-eabi/lib/thumb/v6-m/nofp\libc_nano.a(libc_a-lseekr.o)
                0x08011750                _lseek_r
 .text._read_r  0x08011778       0x28 C:/ST/STM32CubeIDE_1.16.1/STM32CubeIDE/plugins/com.st.stm32cube.ide.mcu.externaltools.gnu-tools-for-stm32.12.3.rel1.win32_1.0.200.202406191623/tools/bin/../lib/gcc/arm-none-eabi/12.3.1/../../../../arm-none-eabi/lib/thumb/v6-m/nofp\libc_nano.a(libc_a-readr.o)
                0x08011778                _read_r
 .text._write_r
                0x080117a0       0x28 C:/ST/STM32CubeIDE_1.16.1/STM32CubeIDE/plugins/com.st.stm32cube.ide.mcu.externaltools.gnu-tools-for-stm32.12.3.rel1.win32_1.0.200.202406191623/tools/bin/../lib/gcc/arm-none-eabi/12.3.1/../../../../arm-none-eabi/lib/thumb/v6-m/nofp\libc_nano.a(libc_a-writer.o)
                0x080117a0                _write_r
 .text.__errno  0x080117c8        0xc C:/ST/STM32CubeIDE_1.16.1/STM32CubeIDE/plugins/com.st.stm32cube.ide.mcu.externaltools.gnu-tools-for-stm32.12.3.rel1.win32_1.0.200.202406191623/tools/bin/../lib/gcc/arm-none-eabi/12.3.1/../../../../arm-none-eabi/lib/thumb/v6-m/nofp\libc_nano.a(libc_a-errno.o)
                0x080117c8                __errno
 .text.__libc_init_array
                0x080117d4       0x48 C:/ST/STM32CubeIDE_1.16.1/STM32CubeIDE/plugins/com.st.stm32cube.ide.mcu.externaltools.gnu-tools-for-stm32.12.3.rel1.win32_1.0.200.202406191623/tools/bin/../lib/gcc/arm-none-eabi/12.3.1/../../../../arm-none-eabi/lib/thumb/v6-m/nofp\libc_nano.a(libc_a-init.o)
                0x080117d4                __libc_init_array
 .text.__retarget_lock_init_recursive
                0x0801181c        0x2 C:/ST/STM32CubeIDE_1.16.1/STM32CubeIDE/plugins/com.st.stm32cube.ide.mcu.externaltools.gnu-tools-for-stm32.12.3.rel1.win32_1.0.200.202406191623/tools/bin/../lib/gcc/arm-none-eabi/12.3.1/../../../../arm-none-eabi/lib/thumb/v6-m/nofp\libc_nano.a(libc_a-lock.o)
                0x0801181c                __retarget_lock_init_recursive
 .text.__retarget_lock_acquire_recursive
                0x0801181e        0x2 C:/ST/STM32CubeIDE_1.16.1/STM32CubeIDE/plugins/com.st.stm32cube.ide.mcu.externaltools.gnu-tools-for-stm32.12.3.rel1.win32_1.0.200.202406191623/tools/bin/../lib/gcc/arm-none-eabi/12.3.1/../../../../arm-none-eabi/lib/thumb/v6-m/nofp\libc_nano.a(libc_a-lock.o)
                0x0801181e                __retarget_lock_acquire_recursive
 .text.__retarget_lock_release_recursive